../Core/Src/main.c:91:6:enableLEDs	16	static
../Core/Src/main.c:99:6:toggleLEDs	16	static
../Core/Src/main.c:103:6:toggle	8	static
../Core/Src/main.c:107:6:enable_clocks	4	static
../Core/Src/main.c:112:6:green_routine	8	static
../Core/Src/main.c:126:6:red_routine	8	static
../Core/Src/main.c:144:6:finished_routine	8	static
../Core/Src/main.c:152:6:setup_routine	16	static
../Core/Src/main.c:172:5:main	24	static
../Core/Src/main.c:263:6:SystemClock_Config	128	static
../Core/Src/main.c:315:13:MX_ADC1_Init	48	static
../Core/Src/main.c:381:13:MX_DAC_Init	24	static
../Core/Src/main.c:422:13:MX_I2C1_Init	8	static
../Core/Src/main.c:470:13:MX_SPI1_Init	8	static
../Core/Src/main.c:510:13:MX_TIM1_Init	56	static
../Core/Src/main.c:570:13:MX_TIM2_Init	48	static
../Core/Src/main.c:623:13:MX_TIM3_Init	40	static
../Core/Src/main.c:668:13:MX_USB_PCD_Init	8	static
../Core/Src/main.c:697:13:MX_DMA_Init	16	static
../Core/Src/main.c:715:13:MX_GPIO_Init	48	static
../Core/Src/main.c:770:6:Error_Handler	4	static,ignoring_inline_asm
