../Drivers/CMSIS/Include/core_cm4.h:1688:22:__NVIC_EnableIRQ	16	static
../Drivers/CMSIS/Include/core_cm4.h:1816:22:__NVIC_SetPriority	16	static
../Core/Src/Serial.c:46:6:USART1_IRQHandler	8	static
../Core/Src/Serial.c:56:6:serialInitialise	32	static,ignoring_inline_asm
../Core/Src/Serial.c:131:6:setTransmitInterrupt	16	static,ignoring_inline_asm
../Core/Src/Serial.c:142:6:serialReceiveCharacter	24	static
../Core/Src/Serial.c:179:6:serialTransmitCharacter	16	static
../Core/Src/Serial.c:204:6:serialTransmitString	16	static
