../Drivers/CMSIS/Include/core_cm4.h:1688:22:__NVIC_EnableIRQ	16	static
../Drivers/CMSIS/Include/core_cm4.h:1816:22:__NVIC_SetPriority	16	static
../Core/Src/timer.c:34:6:TIM3_IRQHandler	8	static
../Core/Src/timer.c:46:6:TIM4_IRQHandler	8	static
../Core/Src/timer.c:57:6:timerHandler	24	static
../Core/Src/timer.c:75:6:timerInitialise	16	static
../Core/Src/timer.c:82:6:enableTimer	16	static
../Core/Src/timer.c:93:6:triggerPrescaler	16	static
../Core/Src/timer.c:100:6:enableInterrupts	16	static,ignoring_inline_asm
../Core/Src/timer.c:114:10:get_delay	16	static
../Core/Src/timer.c:119:6:resetTimer	16	static
../Core/Src/timer.c:126:6:stopTimer	16	static
../Core/Src/timer.c:131:6:setDelayLoop	24	static
../Core/Src/timer.c:137:6:setDelay	24	static
