C:/GitHub/MTRX2700A2/stm32f303-definitions/Core/Inc/core_cm4.h:1688:22:__NVIC_EnableIRQ	16	static
C:/GitHub/MTRX2700A2/stm32f303-definitions/Core/Inc/core_cm4.h:1816:22:__NVIC_SetPriority	16	static
../Src/timer.c:22:6:TIM2_IRQHandler	8	static
../Src/timer.c:34:6:TIM3_IRQHandler	8	static
../Src/timer.c:46:6:TIM4_IRQHandler	8	static
../Src/timer.c:57:6:timerHandler	16	static
../Src/timer.c:74:6:timerInitialise	16	static
../Src/timer.c:81:6:enableTimer	16	static
../Src/timer.c:92:6:triggerPrescaler	16	static
../Src/timer.c:99:6:enableInterrupts	16	static,ignoring_inline_asm
../Src/timer.c:113:10:get_delay	16	static
../Src/timer.c:118:6:resetTimer	16	static
../Src/timer.c:125:6:stopTimer	16	static
../Src/timer.c:130:6:setDelayLoop	24	static
../Src/timer.c:136:6:setDelay	24	static
