Archive member included to satisfy reference by file (symbol)

C:/ST/STM32CubeIDE_1.14.1/STM32CubeIDE/plugins/com.st.stm32cube.ide.mcu.externaltools.gnu-tools-for-stm32.11.3.rel1.win32_1.1.100.202309141235/tools/bin/../lib/gcc/arm-none-eabi/11.3.1/../../../../arm-none-eabi/lib/thumb/v7e-m+fp/hard\libc_nano.a(libc_a-exit.o)
                              C:/ST/STM32CubeIDE_1.14.1/STM32CubeIDE/plugins/com.st.stm32cube.ide.mcu.externaltools.gnu-tools-for-stm32.11.3.rel1.win32_1.1.100.202309141235/tools/bin/../lib/gcc/arm-none-eabi/11.3.1/../../../../arm-none-eabi/lib/thumb/v7e-m+fp/hard/crt0.o (exit)
C:/ST/STM32CubeIDE_1.14.1/STM32CubeIDE/plugins/com.st.stm32cube.ide.mcu.externaltools.gnu-tools-for-stm32.11.3.rel1.win32_1.1.100.202309141235/tools/bin/../lib/gcc/arm-none-eabi/11.3.1/../../../../arm-none-eabi/lib/thumb/v7e-m+fp/hard\libc_nano.a(libc_a-findfp.o)
                              C:/ST/STM32CubeIDE_1.14.1/STM32CubeIDE/plugins/com.st.stm32cube.ide.mcu.externaltools.gnu-tools-for-stm32.11.3.rel1.win32_1.1.100.202309141235/tools/bin/../lib/gcc/arm-none-eabi/11.3.1/../../../../arm-none-eabi/lib/thumb/v7e-m+fp/hard\libc_nano.a(libc_a-exit.o) (__stdio_exit_handler)
C:/ST/STM32CubeIDE_1.14.1/STM32CubeIDE/plugins/com.st.stm32cube.ide.mcu.externaltools.gnu-tools-for-stm32.11.3.rel1.win32_1.1.100.202309141235/tools/bin/../lib/gcc/arm-none-eabi/11.3.1/../../../../arm-none-eabi/lib/thumb/v7e-m+fp/hard\libc_nano.a(libc_a-fwalk.o)
                              C:/ST/STM32CubeIDE_1.14.1/STM32CubeIDE/plugins/com.st.stm32cube.ide.mcu.externaltools.gnu-tools-for-stm32.11.3.rel1.win32_1.1.100.202309141235/tools/bin/../lib/gcc/arm-none-eabi/11.3.1/../../../../arm-none-eabi/lib/thumb/v7e-m+fp/hard\libc_nano.a(libc_a-findfp.o) (_fwalk_sglue)
C:/ST/STM32CubeIDE_1.14.1/STM32CubeIDE/plugins/com.st.stm32cube.ide.mcu.externaltools.gnu-tools-for-stm32.11.3.rel1.win32_1.1.100.202309141235/tools/bin/../lib/gcc/arm-none-eabi/11.3.1/../../../../arm-none-eabi/lib/thumb/v7e-m+fp/hard\libc_nano.a(libc_a-stdio.o)
                              C:/ST/STM32CubeIDE_1.14.1/STM32CubeIDE/plugins/com.st.stm32cube.ide.mcu.externaltools.gnu-tools-for-stm32.11.3.rel1.win32_1.1.100.202309141235/tools/bin/../lib/gcc/arm-none-eabi/11.3.1/../../../../arm-none-eabi/lib/thumb/v7e-m+fp/hard\libc_nano.a(libc_a-findfp.o) (__sread)
C:/ST/STM32CubeIDE_1.14.1/STM32CubeIDE/plugins/com.st.stm32cube.ide.mcu.externaltools.gnu-tools-for-stm32.11.3.rel1.win32_1.1.100.202309141235/tools/bin/../lib/gcc/arm-none-eabi/11.3.1/../../../../arm-none-eabi/lib/thumb/v7e-m+fp/hard\libc_nano.a(libc_a-memset.o)
                              C:/ST/STM32CubeIDE_1.14.1/STM32CubeIDE/plugins/com.st.stm32cube.ide.mcu.externaltools.gnu-tools-for-stm32.11.3.rel1.win32_1.1.100.202309141235/tools/bin/../lib/gcc/arm-none-eabi/11.3.1/../../../../arm-none-eabi/lib/thumb/v7e-m+fp/hard/crt0.o (memset)
C:/ST/STM32CubeIDE_1.14.1/STM32CubeIDE/plugins/com.st.stm32cube.ide.mcu.externaltools.gnu-tools-for-stm32.11.3.rel1.win32_1.1.100.202309141235/tools/bin/../lib/gcc/arm-none-eabi/11.3.1/../../../../arm-none-eabi/lib/thumb/v7e-m+fp/hard\libc_nano.a(libc_a-closer.o)
                              C:/ST/STM32CubeIDE_1.14.1/STM32CubeIDE/plugins/com.st.stm32cube.ide.mcu.externaltools.gnu-tools-for-stm32.11.3.rel1.win32_1.1.100.202309141235/tools/bin/../lib/gcc/arm-none-eabi/11.3.1/../../../../arm-none-eabi/lib/thumb/v7e-m+fp/hard\libc_nano.a(libc_a-stdio.o) (_close_r)
C:/ST/STM32CubeIDE_1.14.1/STM32CubeIDE/plugins/com.st.stm32cube.ide.mcu.externaltools.gnu-tools-for-stm32.11.3.rel1.win32_1.1.100.202309141235/tools/bin/../lib/gcc/arm-none-eabi/11.3.1/../../../../arm-none-eabi/lib/thumb/v7e-m+fp/hard\libc_nano.a(libc_a-reent.o)
                              C:/ST/STM32CubeIDE_1.14.1/STM32CubeIDE/plugins/com.st.stm32cube.ide.mcu.externaltools.gnu-tools-for-stm32.11.3.rel1.win32_1.1.100.202309141235/tools/bin/../lib/gcc/arm-none-eabi/11.3.1/../../../../arm-none-eabi/lib/thumb/v7e-m+fp/hard\libc_nano.a(libc_a-closer.o) (errno)
C:/ST/STM32CubeIDE_1.14.1/STM32CubeIDE/plugins/com.st.stm32cube.ide.mcu.externaltools.gnu-tools-for-stm32.11.3.rel1.win32_1.1.100.202309141235/tools/bin/../lib/gcc/arm-none-eabi/11.3.1/../../../../arm-none-eabi/lib/thumb/v7e-m+fp/hard\libc_nano.a(libc_a-impure.o)
                              C:/ST/STM32CubeIDE_1.14.1/STM32CubeIDE/plugins/com.st.stm32cube.ide.mcu.externaltools.gnu-tools-for-stm32.11.3.rel1.win32_1.1.100.202309141235/tools/bin/../lib/gcc/arm-none-eabi/11.3.1/../../../../arm-none-eabi/lib/thumb/v7e-m+fp/hard\libc_nano.a(libc_a-reent.o) (_impure_ptr)
C:/ST/STM32CubeIDE_1.14.1/STM32CubeIDE/plugins/com.st.stm32cube.ide.mcu.externaltools.gnu-tools-for-stm32.11.3.rel1.win32_1.1.100.202309141235/tools/bin/../lib/gcc/arm-none-eabi/11.3.1/../../../../arm-none-eabi/lib/thumb/v7e-m+fp/hard\libc_nano.a(libc_a-lseekr.o)
[...]
Memory Configuration

Name             Origin             Length             Attributes
CCMRAM           0x0000000010000000 0x0000000000002000 xrw
RAM              0x0000000020000000 0x000000000000a000 xrw
FLASH            0x0000000008000000 0x0000000000040000 xr
*default*        0x0000000000000000 0xffffffffffffffff

Linker script and memory map

LOAD C:/ST/STM32CubeIDE_1.14.1/STM32CubeIDE/plugins/com.st.stm32cube.ide.mcu.externaltools.gnu-tools-for-stm32.11.3.rel1.win32_1.1.100.202309141235/tools/bin/../lib/gcc/arm-none-eabi/11.3.1/thumb/v7e-m+fp/hard/crti.o
LOAD C:/ST/STM32CubeIDE_1.14.1/STM32CubeIDE/plugins/com.st.stm32cube.ide.mcu.externaltools.gnu-tools-for-stm32.11.3.rel1.win32_1.1.100.202309141235/tools/bin/../lib/gcc/arm-none-eabi/11.3.1/thumb/v7e-m+fp/hard/crtbegin.o
LOAD C:/ST/STM32CubeIDE_1.14.1/STM32CubeIDE/plugins/com.st.stm32cube.ide.mcu.externaltools.gnu-tools-for-stm32.11.3.rel1.win32_1.1.100.202309141235/tools/bin/../lib/gcc/arm-none-eabi/11.3.1/../../../../arm-none-eabi/lib/thumb/v7e-m+fp/hard/crt0.o
LOAD ./Src/main.o
LOAD ./Src/syscalls.o
LOAD ./Src/sysmem.o
LOAD ./Src/timer.o
LOAD ./Startup/startup_stm32f303vctx.o
START GROUP
LOAD C:/ST/STM32CubeIDE_1.14.1/STM32CubeIDE/plugins/com.st.stm32cube.ide.mcu.externaltools.gnu-tools-for-stm32.11.3.rel1.win32_1.1.100.202309141235/tools/bin/../lib/gcc/arm-none-eabi/11.3.1/../../../../arm-none-eabi/lib/thumb/v7e-m+fp/hard\libc_nano.a
LOAD C:/ST/STM32CubeIDE_1.14.1/STM32CubeIDE/plugins/com.st.stm32cube.ide.mcu.externaltools.gnu-tools-for-stm32.11.3.rel1.win32_1.1.100.202309141235/tools/bin/../lib/gcc/arm-none-eabi/11.3.1/../../../../arm-none-eabi/lib/thumb/v7e-m+fp/hard\libm.a
END GROUP
START GROUP
LOAD C:/ST/STM32CubeIDE_1.14.1/STM32CubeIDE/plugins/com.st.stm32cube.ide.mcu.externaltools.gnu-tools-for-stm32.11.3.rel1.win32_1.1.100.202309141235/tools/bin/../lib/gcc/arm-none-eabi/11.3.1/thumb/v7e-m+fp/hard\libgcc.a
LOAD C:/ST/STM32CubeIDE_1.14.1/STM32CubeIDE/plugins/com.st.stm32cube.ide.mcu.externaltools.gnu-tools-for-stm32.11.3.rel1.win32_1.1.100.202309141235/tools/bin/../lib/gcc/arm-none-eabi/11.3.1/../../../../arm-none-eabi/lib/thumb/v7e-m+fp/hard\libc_nano.a
END GROUP
START GROUP
LOAD C:/ST/STM32CubeIDE_1.14.1/STM32CubeIDE/plugins/com.st.stm32cube.ide.mcu.externaltools.gnu-tools-for-stm32.11.3.rel1.win32_1.1.100.202309141235/tools/bin/../lib/gcc/arm-none-eabi/11.3.1/thumb/v7e-m+fp/hard\libgcc.a
LOAD C:/ST/STM32CubeIDE_1.14.1/STM32CubeIDE/plugins/com.st.stm32cube.ide.mcu.externaltools.gnu-tools-for-stm32.11.3.rel1.win32_1.1.100.202309141235/tools/bin/../lib/gcc/arm-none-eabi/11.3.1/../../../../arm-none-eabi/lib/thumb/v7e-m+fp/hard\libc_nano.a
LOAD C:/ST/STM32CubeIDE_1.14.1/STM32CubeIDE/plugins/com.st.stm32cube.ide.mcu.externaltools.gnu-tools-for-stm32.11.3.rel1.win32_1.1.100.202309141235/tools/bin/../lib/gcc/arm-none-eabi/11.3.1/../../../../arm-none-eabi/lib/thumb/v7e-m+fp/hard\libnosys.a
END GROUP
START GROUP
LOAD C:/ST/STM32CubeIDE_1.14.1/STM32CubeIDE/plugins/com.st.stm32cube.ide.mcu.externaltools.gnu-tools-for-stm32.11.3.rel1.win32_1.1.100.202309141235/tools/bin/../lib/gcc/arm-none-eabi/11.3.1/thumb/v7e-m+fp/hard\libgcc.a
LOAD C:/ST/STM32CubeIDE_1.14.1/STM32CubeIDE/plugins/com.st.stm32cube.ide.mcu.externaltools.gnu-tools-for-stm32.11.3.rel1.win32_1.1.100.202309141235/tools/bin/../lib/gcc/arm-none-eabi/11.3.1/../../../../arm-none-eabi/lib/thumb/v7e-m+fp/hard\libc_nano.a
LOAD C:/ST/STM32CubeIDE_1.14.1/STM32CubeIDE/plugins/com.st.stm32cube.ide.mcu.externaltools.gnu-tools-for-stm32.11.3.rel1.win32_1.1.100.202309141235/tools/bin/../lib/gcc/arm-none-eabi/11.3.1/../../../../arm-none-eabi/lib/thumb/v7e-m+fp/hard\libnosys.a
END GROUP
LOAD C:/ST/STM32CubeIDE_1.14.1/STM32CubeIDE/plugins/com.st.stm32cube.ide.mcu.externaltools.gnu-tools-for-stm32.11.3.rel1.win32_1.1.100.202309141235/tools/bin/../lib/gcc/arm-none-eabi/11.3.1/thumb/v7e-m+fp/hard/crtend.o
LOAD C:/ST/STM32CubeIDE_1.14.1/STM32CubeIDE/plugins/com.st.stm32cube.ide.mcu.externaltools.gnu-tools-for-stm32.11.3.rel1.win32_1.1.100.202309141235/tools/bin/../lib/gcc/arm-none-eabi/11.3.1/thumb/v7e-m+fp/hard/crtn.o
                0x000000002000a000                _estack = (ORIGIN (RAM) + LENGTH (RAM))
                0x0000000000000200                _Min_Heap_Size = 0x200
                0x0000000000000400                _Min_Stack_Size = 0x400

.isr_vector     0x0000000008000000      0x194
                0x0000000008000000                . = ALIGN (0x4)
 *(.isr_vector)
 .isr_vector    0x0000000008000000      0x194 ./Startup/startup_stm32f303vctx.o
                0x0000000008000000                g_pfnVectors
                0x0000000008000194                . = ALIGN (0x4)

.text           0x0000000008000194      0x490
                0x0000000008000194                . = ALIGN (0x4)
 *(.text)
 .text          0x0000000008000194       0x40 C:/ST/STM32CubeIDE_1.14.1/STM32CubeIDE/plugins/com.st.stm32cube.ide.mcu.externaltools.gnu-tools-for-stm32.11.3.rel1.win32_1.1.100.202309141235/tools/bin/../lib/gcc/arm-none-eabi/11.3.1/thumb/v7e-m+fp/hard/crtbegin.o
 *(.text*)
 .text.enableLEDs
                0x00000000080001d4       0x34 ./Src/main.o
                0x00000000080001d4                enableLEDs
 .text.toggleLEDs
                0x0000000008000208       0x28 ./Src/main.o
                0x0000000008000208                toggleLEDs
 .text.timer_callback1
                0x0000000008000230        0xe ./Src/main.o
                0x0000000008000230                timer_callback1
 .text.timer_callback2
                0x000000000800023e        0xe ./Src/main.o
                0x000000000800023e                timer_callback2
 .text.timer_callback3
                0x000000000800024c        0xe ./Src/main.o
                0x000000000800024c                timer_callback3
 *fill*         0x000000000800025a        0x2 
 .text.main     0x000000000800025c       0x6c ./Src/main.o
                0x000000000800025c                main
 .text.__NVIC_EnableIRQ
                0x00000000080002c8       0x3c ./Src/timer.o
 .text.__NVIC_SetPriority
                0x0000000008000304       0x54 ./Src/timer.o
 .text.TIM2_IRQHandler
                0x0000000008000358       0x1c ./Src/timer.o
                0x0000000008000358                TIM2_IRQHandler
 .text.TIM3_IRQHandler
                0x0000000008000374       0x1c ./Src/timer.o
                0x0000000008000374                TIM3_IRQHandler
 .text.TIM4_IRQHandler
                0x0000000008000390       0x1c ./Src/timer.o
                0x0000000008000390                TIM4_IRQHandler
 .text.timerHandler
                0x00000000080003ac       0x5a ./Src/timer.o
                0x00000000080003ac                timerHandler
 .text.timerInitialise
                0x0000000008000406       0x1c ./Src/timer.o
                0x0000000008000406                timerInitialise
 *fill*         0x0000000008000422        0x2 
 .text.enableTimer
                0x0000000008000424       0x48 ./Src/timer.o
                0x0000000008000424                enableTimer
 .text.triggerPrescaler
                0x000000000800046c       0x2e ./Src/timer.o
                0x000000000800046c                triggerPrescaler
 .text.enableInterrupts
                0x000000000800049a       0x42 ./Src/timer.o
                0x000000000800049a                enableInterrupts
 .text.resetTimer
                0x00000000080004dc       0x40 ./Src/timer.o
                0x00000000080004dc                resetTimer
 .text.stopTimer
                0x000000000800051c       0x2c ./Src/timer.o
                0x000000000800051c                stopTimer
 .text.setDelayLoop
                0x0000000008000548       0x28 ./Src/timer.o
                0x0000000008000548                setDelayLoop
 .text.Reset_Handler
                0x0000000008000570       0x50 ./Startup/startup_stm32f303vctx.o
                0x0000000008000570                Reset_Handler
 .text.Default_Handler
                0x00000000080005c0        0x2 ./Startup/startup_stm32f303vctx.o
                0x00000000080005c0                TIM8_TRG_COM_IRQHandler
                0x00000000080005c0                TIM8_CC_IRQHandler
                0x00000000080005c0                DebugMon_Handler
                0x00000000080005c0                DMA1_CH4_IRQHandler
                0x00000000080005c0                SPI4_IRQHandler
                0x00000000080005c0                TIM1_CC_IRQHandler
                0x00000000080005c0                HardFault_Handler
                0x00000000080005c0                USB_HP_IRQHandler
                0x00000000080005c0                I2C2_EV_EXTI24_IRQHandler
                0x00000000080005c0                SysTick_Handler
                0x00000000080005c0                USB_WKUP_EXTI_IRQHandler
                0x00000000080005c0                PVD_IRQHandler
                0x00000000080005c0                UART4_EXTI34_IRQHandler
                0x00000000080005c0                TAMP_STAMP_IRQHandler
                0x00000000080005c0                PendSV_Handler
                0x00000000080005c0                NMI_Handler
                0x00000000080005c0                EXTI3_IRQHandler
                0x00000000080005c0                I2C3_ER_IRQHandler
                0x00000000080005c0                TIM6_DACUNDER_IRQHandler
                0x00000000080005c0                USB_HP_CAN_TX_IRQHandler
                0x00000000080005c0                EXTI0_IRQHandler
                0x00000000080005c0                DMA2_CH1_IRQHandler
                0x00000000080005c0                TIM1_UP_TIM16_IRQHandler
                0x00000000080005c0                UsageFault_Handler
                0x00000000080005c0                ADC1_2_IRQHandler
                0x00000000080005c0                SPI1_IRQHandler
                0x00000000080005c0                CAN_SCE_IRQHandler
                0x00000000080005c0                DMA1_CH7_IRQHandler
                0x00000000080005c0                TIM8_UP_IRQHandler
                0x00000000080005c0                COMP456_IRQHandler
                0x00000000080005c0                DMA1_CH6_IRQHandler
                0x00000000080005c0                TIM20_TRG_COM_IRQHandler
                0x00000000080005c0                ADC3_IRQHandler
                0x00000000080005c0                CAN_RX1_IRQHandler
                0x00000000080005c0                USART1_EXTI25_IRQHandler
                0x00000000080005c0                DMA2_CH5_IRQHandler
                0x00000000080005c0                I2C1_EV_EXTI23_IRQHandler
                0x00000000080005c0                DMA1_CH3_IRQHandler
                0x00000000080005c0                RCC_IRQHandler
                0x00000000080005c0                TIM20_UP_IRQHandler
                0x00000000080005c0                Default_Handler
                0x00000000080005c0                EXTI15_10_IRQHandler
                0x00000000080005c0                USART2_EXTI26_IRQHandler
                0x00000000080005c0                USART3_EXTI28_IRQHandler
                0x00000000080005c0                TIM7_IRQHandler
                0x00000000080005c0                I2C3_EV_IRQHandler
                0x00000000080005c0                EXTI9_5_IRQHandler
                0x00000000080005c0                DMA1_CH2_IRQHandler
                0x00000000080005c0                RTC_WKUP_IRQHandler
                0x00000000080005c0                SPI2_IRQHandler
                0x00000000080005c0                DMA1_CH1_IRQHandler
                0x00000000080005c0                USB_LP_CAN_RX0_IRQHandler
                0x00000000080005c0                MemManage_Handler
                0x00000000080005c0                COMP123_IRQHandler
                0x00000000080005c0                SVC_Handler
                0x00000000080005c0                USB_LP_IRQHandler
                0x00000000080005c0                EXTI4_IRQHandler
                0x00000000080005c0                TIM1_TRG_COM_TIM17_IRQHandler
                0x00000000080005c0                ADC4_IRQHandler
                0x00000000080005c0                WWDG_IRQHandler
                0x00000000080005c0                COMP7_IRQHandler
                0x00000000080005c0                EXTI1_IRQHandler
                0x00000000080005c0                RTCAlarm_IRQHandler
                0x00000000080005c0                UART5_EXTI35_IRQHandler
                0x00000000080005c0                TIM20_BRK_IRQHandler
                0x00000000080005c0                I2C2_ER_IRQHandler
                0x00000000080005c0                TIM8_BRK_IRQHandler
                0x00000000080005c0                FLASH_IRQHandler
                0x00000000080005c0                TIM20_CC_IRQHandler
                0x00000000080005c0                BusFault_Handler
                0x00000000080005c0                SPI3_IRQHandler
                0x00000000080005c0                DMA2_CH3_IRQHandler
                0x00000000080005c0                DMA2_CH2_IRQHandler
                0x00000000080005c0                I2C1_ER_IRQHandler
                0x00000000080005c0                FMC_IRQHandler
                0x00000000080005c0                DMA1_CH5_IRQHandler
                0x00000000080005c0                DMA2_CH4_IRQHandler
                0x00000000080005c0                USB_WKUP_IRQHandler
                0x00000000080005c0                EXTI2_TSC_IRQHandler
                0x00000000080005c0                TIM1_BRK_TIM15_IRQHandler
 *fill*         0x00000000080005c2        0x2 
 .text.__libc_init_array
                0x00000000080005c4       0x48 C:/ST/STM32CubeIDE_1.14.1/STM32CubeIDE/plugins/com.st.stm32cube.ide.mcu.externaltools.gnu-tools-for-stm32.11.3.rel1.win32_1.1.100.202309141235/tools/bin/../lib/gcc/arm-none-eabi/11.3.1/../../../../arm-none-eabi/lib/thumb/v7e-m+fp/hard\libc_nano.a(libc_a-init.o)
                0x00000000080005c4                __libc_init_array
 *(.glue_7)
 .glue_7        0x000000000800060c        0x0 linker stubs
 *(.glue_7t)
 .glue_7t       0x000000000800060c        0x0 linker stubs
 *(.eh_frame)
 .eh_frame      0x000000000800060c        0x0 C:/ST/STM32CubeIDE_1.14.1/STM32CubeIDE/plugins/com.st.stm32cube.ide.mcu.externaltools.gnu-tools-for-stm32.11.3.rel1.win32_1.1.100.202309141235/tools/bin/../lib/gcc/arm-none-eabi/11.3.1/thumb/v7e-m+fp/hard/crtbegin.o
 *(.init)
 .init          0x000000000800060c        0x4 C:/ST/STM32CubeIDE_1.14.1/STM32CubeIDE/plugins/com.st.stm32cube.ide.mcu.externaltools.gnu-tools-for-stm32.11.3.rel1.win32_1.1.100.202309141235/tools/bin/../lib/gcc/arm-none-eabi/11.3.1/thumb/v7e-m+fp/hard/crti.o
                0x000000000800060c                _init
 .init          0x0000000008000610        0x8 C:/ST/STM32CubeIDE_1.14.1/STM32CubeIDE/plugins/com.st.stm32cube.ide.mcu.externaltools.gnu-tools-for-stm32.11.3.rel1.win32_1.1.100.202309141235/tools/bin/../lib/gcc/arm-none-eabi/11.3.1/thumb/v7e-m+fp/hard/crtn.o
 *(.fini)
 .fini          0x0000000008000618        0x4 C:/ST/STM32CubeIDE_1.14.1/STM32CubeIDE/plugins/com.st.stm32cube.ide.mcu.externaltools.gnu-tools-for-stm32.11.3.rel1.win32_1.1.100.202309141235/tools/bin/../lib/gcc/arm-none-eabi/11.3.1/thumb/v7e-m+fp/hard/crti.o
                0x0000000008000618                _fini
 .fini          0x000000000800061c        0x8 C:/ST/STM32CubeIDE_1.14.1/STM32CubeIDE/plugins/com.st.stm32cube.ide.mcu.externaltools.gnu-tools-for-stm32.11.3.rel1.win32_1.1.100.202309141235/tools/bin/../lib/gcc/arm-none-eabi/11.3.1/thumb/v7e-m+fp/hard/crtn.o
                0x0000000008000624                . = ALIGN (0x4)
                0x0000000008000624                _etext = .

.vfp11_veneer   0x0000000008000624        0x0
 .vfp11_veneer  0x0000000008000624        0x0 linker stubs

.v4_bx          0x0000000008000624        0x0
 .v4_bx         0x0000000008000624        0x0 linker stubs

.iplt           0x0000000008000624        0x0
 .iplt          0x0000000008000624        0x0 C:/ST/STM32CubeIDE_1.14.1/STM32CubeIDE/plugins/com.st.stm32cube.ide.mcu.externaltools.gnu-tools-for-stm32.11.3.rel1.win32_1.1.100.202309141235/tools/bin/../lib/gcc/arm-none-eabi/11.3.1/thumb/v7e-m+fp/hard/crtbegin.o

.rel.dyn        0x0000000008000624        0x0
 .rel.iplt      0x0000000008000624        0x0 C:/ST/STM32CubeIDE_1.14.1/STM32CubeIDE/plugins/com.st.stm32cube.ide.mcu.externaltools.gnu-tools-for-stm32.11.3.rel1.win32_1.1.100.202309141235/tools/bin/../lib/gcc/arm-none-eabi/11.3.1/thumb/v7e-m+fp/hard/crtbegin.o

.rodata         0x0000000008000624        0x0
                0x0000000008000624                . = ALIGN (0x4)
 *(.rodata)
 *(.rodata*)
                0x0000000008000624                . = ALIGN (0x4)

.ARM.extab      0x0000000008000624        0x0
                0x0000000008000624                . = ALIGN (0x4)
 *(.ARM.extab* .gnu.linkonce.armextab.*)
                0x0000000008000624                . = ALIGN (0x4)

.ARM            0x0000000008000624        0x0
                0x0000000008000624                . = ALIGN (0x4)
                0x0000000008000624                __exidx_start = .
 *(.ARM.exidx*)
                0x0000000008000624                __exidx_end = .
                0x0000000008000624                . = ALIGN (0x4)

.preinit_array  0x0000000008000624        0x0
                0x0000000008000624                . = ALIGN (0x4)
                0x0000000008000624                PROVIDE (__preinit_array_start = .)
 *(.preinit_array*)
                0x0000000008000624                PROVIDE (__preinit_array_end = .)
                0x0000000008000624                . = ALIGN (0x4)

.init_array     0x0000000008000624        0x4
                0x0000000008000624                . = ALIGN (0x4)
                0x0000000008000624                PROVIDE (__init_array_start = .)
 *(SORT_BY_NAME(.init_array.*))
 *(.init_array*)
 .init_array    0x0000000008000624        0x4 C:/ST/STM32CubeIDE_1.14.1/STM32CubeIDE/plugins/com.st.stm32cube.ide.mcu.externaltools.gnu-tools-for-stm32.11.3.rel1.win32_1.1.100.202309141235/tools/bin/../lib/gcc/arm-none-eabi/11.3.1/thumb/v7e-m+fp/hard/crtbegin.o
                0x0000000008000628                PROVIDE (__init_array_end = .)
                0x0000000008000628                . = ALIGN (0x4)

.fini_array     0x0000000008000628        0x4
                0x0000000008000628                . = ALIGN (0x4)
                [!provide]                        PROVIDE (__fini_array_start = .)
 *(SORT_BY_NAME(.fini_array.*))
 *(.fini_array*)
 .fini_array    0x0000000008000628        0x4 C:/ST/STM32CubeIDE_1.14.1/STM32CubeIDE/plugins/com.st.stm32cube.ide.mcu.externaltools.gnu-tools-for-stm32.11.3.rel1.win32_1.1.100.202309141235/tools/bin/../lib/gcc/arm-none-eabi/11.3.1/thumb/v7e-m+fp/hard/crtbegin.o
                [!provide]                        PROVIDE (__fini_array_end = .)
                0x000000000800062c                . = ALIGN (0x4)
                0x000000000800062c                _sidata = LOADADDR (.data)

.data           0x0000000020000000       0x48 load address 0x000000000800062c
                0x0000000020000000                . = ALIGN (0x4)
                0x0000000020000000                _sdata = .
 *(.data)
 *(.data*)
 .data.DelayTIM2
                0x0000000020000000       0x18 ./Src/timer.o
                0x0000000020000000                DelayTIM2
 .data.DelayTIM3
                0x0000000020000018       0x18 ./Src/timer.o
                0x0000000020000018                DelayTIM3
 .data.DelayTIM4
                0x0000000020000030       0x18 ./Src/timer.o
                0x0000000020000030                DelayTIM4
 *(.RamFunc)
 *(.RamFunc*)
                0x0000000020000048                . = ALIGN (0x4)
                0x0000000020000048                _edata = .
                0x0000000008000674                _siccmram = LOADADDR (.ccmram)

.igot.plt       0x0000000020000048        0x0 load address 0x0000000008000674
 .igot.plt      0x0000000020000048        0x0 C:/ST/STM32CubeIDE_1.14.1/STM32CubeIDE/plugins/com.st.stm32cube.ide.mcu.externaltools.gnu-tools-for-stm32.11.3.rel1.win32_1.1.100.202309141235/tools/bin/../lib/gcc/arm-none-eabi/11.3.1/thumb/v7e-m+fp/hard/crtbegin.o

.ccmram         0x0000000010000000        0x0 load address 0x0000000008000674
                0x0000000010000000                . = ALIGN (0x4)
                0x0000000010000000                _sccmram = .
 *(.ccmram)
 *(.ccmram*)
                0x0000000010000000                . = ALIGN (0x4)
                0x0000000010000000                _eccmram = .
                0x0000000010000000                . = ALIGN (0x4)

.bss            0x0000000020000048       0x1c
                0x0000000020000048                _sbss = .
                0x0000000020000048                __bss_start__ = _sbss
 *(.bss)
 .bss           0x0000000020000048       0x1c C:/ST/STM32CubeIDE_1.14.1/STM32CubeIDE/plugins/com.st.stm32cube.ide.mcu.externaltools.gnu-tools-for-stm32.11.3.rel1.win32_1.1.100.202309141235/tools/bin/../lib/gcc/arm-none-eabi/11.3.1/thumb/v7e-m+fp/hard/crtbegin.o
 *(.bss*)
 *(COMMON)
                0x0000000020000064                . = ALIGN (0x4)
                0x0000000020000064                _ebss = .
                0x0000000020000064                __bss_end__ = _ebss

._user_heap_stack
                0x0000000020000064      0x604
                0x0000000020000068                . = ALIGN (0x8)
 *fill*         0x0000000020000064        0x4 
                [!provide]                        PROVIDE (end = .)
                0x0000000020000068                PROVIDE (_end = .)
                0x0000000020000268                . = (. + _Min_Heap_Size)
 *fill*         0x0000000020000068      0x200 
                0x0000000020000668                . = (. + _Min_Stack_Size)
 *fill*         0x0000000020000268      0x400 
                0x0000000020000668                . = ALIGN (0x8)

/DISCARD/
 libc.a(*)
 libm.a(*)
 libgcc.a(*)

.ARM.attributes
                0x0000000000000000       0x30
 *(.ARM.attributes)
 .ARM.attributes
                0x0000000000000000       0x1e C:/ST/STM32CubeIDE_1.14.1/STM32CubeIDE/plugins/com.st.stm32cube.ide.mcu.externaltools.gnu-tools-for-stm32.11.3.rel1.win32_1.1.100.202309141235/tools/bin/../lib/gcc/arm-none-eabi/11.3.1/thumb/v7e-m+fp/hard/crti.o
 .ARM.attributes
                0x000000000000001e       0x34 C:/ST/STM32CubeIDE_1.14.1/STM32CubeIDE/plugins/com.st.stm32cube.ide.mcu.externaltools.gnu-tools-for-stm32.11.3.rel1.win32_1.1.100.202309141235/tools/bin/../lib/gcc/arm-none-eabi/11.3.1/thumb/v7e-m+fp/hard/crtbegin.o
 .ARM.attributes
                0x0000000000000052       0x34 ./Src/main.o
 .ARM.attributes
                0x0000000000000086       0x34 ./Src/timer.o
 .ARM.attributes
                0x00000000000000ba       0x21 ./Startup/startup_stm32f303vctx.o
 .ARM.attributes
                0x00000000000000db       0x34 C:/ST/STM32CubeIDE_1.14.1/STM32CubeIDE/plugins/com.st.stm32cube.ide.mcu.externaltools.gnu-tools-for-stm32.11.3.rel1.win32_1.1.100.202309141235/tools/bin/../lib/gcc/arm-none-eabi/11.3.1/../../../../arm-none-eabi/lib/thumb/v7e-m+fp/hard\libc_nano.a(libc_a-init.o)
 .ARM.attributes
                0x000000000000010f       0x1e C:/ST/STM32CubeIDE_1.14.1/STM32CubeIDE/plugins/com.st.stm32cube.ide.mcu.externaltools.gnu-tools-for-stm32.11.3.rel1.win32_1.1.100.202309141235/tools/bin/../lib/gcc/arm-none-eabi/11.3.1/thumb/v7e-m+fp/hard/crtn.o
OUTPUT(Timer Module.elf elf32-littlearm)
LOAD linker stubs
LOAD C:/ST/STM32CubeIDE_1.14.1/STM32CubeIDE/plugins/com.st.stm32cube.ide.mcu.externaltools.gnu-tools-for-stm32.11.3.rel1.win32_1.1.100.202309141235/tools/bin/../lib/gcc/arm-none-eabi/11.3.1/../../../../arm-none-eabi/lib/thumb/v7e-m+fp/hard\libc.a
LOAD C:/ST/STM32CubeIDE_1.14.1/STM32CubeIDE/plugins/com.st.stm32cube.ide.mcu.externaltools.gnu-tools-for-stm32.11.3.rel1.win32_1.1.100.202309141235/tools/bin/../lib/gcc/arm-none-eabi/11.3.1/../../../../arm-none-eabi/lib/thumb/v7e-m+fp/hard\libm.a
LOAD C:/ST/STM32CubeIDE_1.14.1/STM32CubeIDE/plugins/com.st.stm32cube.ide.mcu.externaltools.gnu-tools-for-stm32.11.3.rel1.win32_1.1.100.202309141235/tools/bin/../lib/gcc/arm-none-eabi/11.3.1/thumb/v7e-m+fp/hard\libgcc.a

.comment        0x0000000000000000       0x43
 .comment       0x0000000000000000       0x43 C:/ST/STM32CubeIDE_1.14.1/STM32CubeIDE/plugins/com.st.stm32cube.ide.mcu.externaltools.gnu-tools-for-stm32.11.3.rel1.win32_1.1.100.202309141235/tools/bin/../lib/gcc/arm-none-eabi/11.3.1/thumb/v7e-m+fp/hard/crtbegin.o
                                         0x44 (size before relaxing)
 .comment       0x0000000000000043       0x44 ./Src/main.o
 .comment       0x0000000000000043       0x44 ./Src/timer.o

.debug_info     0x0000000000000000      0xe31
 .debug_info    0x0000000000000000      0x33c ./Src/main.o
 .debug_info    0x000000000000033c      0xad2 ./Src/timer.o
 .debug_info    0x0000000000000e0e       0x23 ./Startup/startup_stm32f303vctx.o

.debug_abbrev   0x0000000000000000      0x3c8
 .debug_abbrev  0x0000000000000000      0x178 ./Src/main.o
 .debug_abbrev  0x0000000000000178      0x23e ./Src/timer.o
 .debug_abbrev  0x00000000000003b6       0x12 ./Startup/startup_stm32f303vctx.o

.debug_aranges  0x0000000000000000      0x100
 .debug_aranges
                0x0000000000000000       0x48 ./Src/main.o
 .debug_aranges
                0x0000000000000048       0x90 ./Src/timer.o
 .debug_aranges
                0x00000000000000d8       0x28 ./Startup/startup_stm32f303vctx.o

.debug_rnglists
                0x0000000000000000       0xb1
 .debug_rnglists
                0x0000000000000000       0x31 ./Src/main.o
 .debug_rnglists
                0x0000000000000031       0x67 ./Src/timer.o
 .debug_rnglists
                0x0000000000000098       0x19 ./Startup/startup_stm32f303vctx.o

.debug_macro    0x0000000000000000    0x14f0d
 .debug_macro   0x0000000000000000       0xd6 ./Src/main.o
 .debug_macro   0x00000000000000d6      0xab4 ./Src/main.o
 .debug_macro   0x0000000000000b8a       0x22 ./Src/main.o
 .debug_macro   0x0000000000000bac       0x8e ./Src/main.o
 .debug_macro   0x0000000000000c3a       0x51 ./Src/main.o
 .debug_macro   0x0000000000000c8b      0x103 ./Src/main.o
 .debug_macro   0x0000000000000d8e       0x6a ./Src/main.o
 .debug_macro   0x0000000000000df8      0x1df ./Src/main.o
 .debug_macro   0x0000000000000fd7      0x174 ./Src/main.o
 .debug_macro   0x000000000000114b       0x28 ./Src/main.o
 .debug_macro   0x0000000000001173       0x1c ./Src/main.o
 .debug_macro   0x000000000000118f       0x22 ./Src/main.o
 .debug_macro   0x00000000000011b1       0xd9 ./Src/main.o
 .debug_macro   0x000000000000128a     0x102d ./Src/main.o
 .debug_macro   0x00000000000022b7      0x11f ./Src/main.o
 .debug_macro   0x00000000000023d6    0x12a3a ./Src/main.o
 .debug_macro   0x0000000000014e10       0xdb ./Src/timer.o
 .debug_macro   0x0000000000014eeb       0x22 ./Src/timer.o

.debug_line     0x0000000000000000      0xd4a
 .debug_line    0x0000000000000000      0x565 ./Src/main.o
 .debug_line    0x0000000000000565      0x76a ./Src/timer.o
 .debug_line    0x0000000000000ccf       0x7b ./Startup/startup_stm32f303vctx.o

.debug_str      0x0000000000000000    0x72a75
 .debug_str     0x0000000000000000    0x7249a ./Src/main.o
                                      0x72697 (size before relaxing)
 .debug_str     0x000000000007249a      0x5ac ./Src/timer.o
                                      0x72cb8 (size before relaxing)
 .debug_str     0x0000000000072a46       0x2f ./Startup/startup_stm32f303vctx.o
                                         0x65 (size before relaxing)

.debug_frame    0x0000000000000000      0x328
 .debug_frame   0x0000000000000000       0xd4 ./Src/main.o
 .debug_frame   0x00000000000000d4      0x228 ./Src/timer.o
 .debug_frame   0x00000000000002fc       0x2c C:/ST/STM32CubeIDE_1.14.1/STM32CubeIDE/plugins/com.st.stm32cube.ide.mcu.externaltools.gnu-tools-for-stm32.11.3.rel1.win32_1.1.100.202309141235/tools/bin/../lib/gcc/arm-none-eabi/11.3.1/../../../../arm-none-eabi/lib/thumb/v7e-m+fp/hard\libc_nano.a(libc_a-init.o)

.debug_line_str
                0x0000000000000000       0x59
 .debug_line_str
                0x0000000000000000       0x59 ./Startup/startup_stm32f303vctx.o
                                         0x71 (size before relaxing)
