Archive member included to satisfy reference by file (symbol)

C:/ST/STM32CubeIDE_1.14.1/STM32CubeIDE/plugins/com.st.stm32cube.ide.mcu.externaltools.gnu-tools-for-stm32.11.3.rel1.win32_1.1.100.202309141235/tools/bin/../lib/gcc/arm-none-eabi/11.3.1/../../../../arm-none-eabi/lib/thumb/v7e-m+fp/hard\libc_nano.a(libc_a-exit.o)
                              C:/ST/STM32CubeIDE_1.14.1/STM32CubeIDE/plugins/com.st.stm32cube.ide.mcu.externaltools.gnu-tools-for-stm32.11.3.rel1.win32_1.1.100.202309141235/tools/bin/../lib/gcc/arm-none-eabi/11.3.1/../../../../arm-none-eabi/lib/thumb/v7e-m+fp/hard/crt0.o (exit)
C:/ST/STM32CubeIDE_1.14.1/STM32CubeIDE/plugins/com.st.stm32cube.ide.mcu.externaltools.gnu-tools-for-stm32.11.3.rel1.win32_1.1.100.202309141235/tools/bin/../lib/gcc/arm-none-eabi/11.3.1/../../../../arm-none-eabi/lib/thumb/v7e-m+fp/hard\libc_nano.a(libc_a-malloc.o)
                              ./Core/Src/serial.o (malloc)
C:/ST/STM32CubeIDE_1.14.1/STM32CubeIDE/plugins/com.st.stm32cube.ide.mcu.externaltools.gnu-tools-for-stm32.11.3.rel1.win32_1.1.100.202309141235/tools/bin/../lib/gcc/arm-none-eabi/11.3.1/../../../../arm-none-eabi/lib/thumb/v7e-m+fp/hard\libc_nano.a(libc_a-mallocr.o)
                              C:/ST/STM32CubeIDE_1.14.1/STM32CubeIDE/plugins/com.st.stm32cube.ide.mcu.externaltools.gnu-tools-for-stm32.11.3.rel1.win32_1.1.100.202309141235/tools/bin/../lib/gcc/arm-none-eabi/11.3.1/../../../../arm-none-eabi/lib/thumb/v7e-m+fp/hard\libc_nano.a(libc_a-malloc.o) (_malloc_r)
C:/ST/STM32CubeIDE_1.14.1/STM32CubeIDE/plugins/com.st.stm32cube.ide.mcu.externaltools.gnu-tools-for-stm32.11.3.rel1.win32_1.1.100.202309141235/tools/bin/../lib/gcc/arm-none-eabi/11.3.1/../../../../arm-none-eabi/lib/thumb/v7e-m+fp/hard\libc_nano.a(libc_a-mlock.o)
                              C:/ST/STM32CubeIDE_1.14.1/STM32CubeIDE/plugins/com.st.stm32cube.ide.mcu.externaltools.gnu-tools-for-stm32.11.3.rel1.win32_1.1.100.202309141235/tools/bin/../lib/gcc/arm-none-eabi/11.3.1/../../../../arm-none-eabi/lib/thumb/v7e-m+fp/hard\libc_nano.a(libc_a-mallocr.o) (__malloc_lock)
C:/ST/STM32CubeIDE_1.14.1/STM32CubeIDE/plugins/com.st.stm32cube.ide.mcu.externaltools.gnu-tools-for-stm32.11.3.rel1.win32_1.1.100.202309141235/tools/bin/../lib/gcc/arm-none-eabi/11.3.1/../../../../arm-none-eabi/lib/thumb/v7e-m+fp/hard\libc_nano.a(libc_a-findfp.o)
                              C:/ST/STM32CubeIDE_1.14.1/STM32CubeIDE/plugins/com.st.stm32cube.ide.mcu.externaltools.gnu-tools-for-stm32.11.3.rel1.win32_1.1.100.202309141235/tools/bin/../lib/gcc/arm-none-eabi/11.3.1/../../../../arm-none-eabi/lib/thumb/v7e-m+fp/hard\libc_nano.a(libc_a-exit.o) (__stdio_exit_handler)
C:/ST/STM32CubeIDE_1.14.1/STM32CubeIDE/plugins/com.st.stm32cube.ide.mcu.externaltools.gnu-tools-for-stm32.11.3.rel1.win32_1.1.100.202309141235/tools/bin/../lib/gcc/arm-none-eabi/11.3.1/../../../../arm-none-eabi/lib/thumb/v7e-m+fp/hard\libc_nano.a(libc_a-fwalk.o)
                              C:/ST/STM32CubeIDE_1.14.1/STM32CubeIDE/plugins/com.st.stm32cube.ide.mcu.externaltools.gnu-tools-for-stm32.11.3.rel1.win32_1.1.100.202309141235/tools/bin/../lib/gcc/arm-none-eabi/11.3.1/../../../../arm-none-eabi/lib/thumb/v7e-m+fp/hard\libc_nano.a(libc_a-findfp.o) (_fwalk_sglue)
C:/ST/STM32CubeIDE_1.14.1/STM32CubeIDE/plugins/com.st.stm32cube.ide.mcu.externaltools.gnu-tools-for-stm32.11.3.rel1.win32_1.1.100.202309141235/tools/bin/../lib/gcc/arm-none-eabi/11.3.1/../../../../arm-none-eabi/lib/thumb/v7e-m+fp/hard\libc_nano.a(libc_a-sprintf.o)
                              ./Core/Src/lidar_sweep.o (sprintf)
C:/ST/STM32CubeIDE_1.14.1/STM32CubeIDE/plugins/com.st.stm32cube.ide.mcu.externaltools.gnu-tools-for-stm32.11.3.rel1.win32_1.1.100.202309141235/tools/bin/../lib/gcc/arm-none-eabi/11.3.1/../../../../arm-none-eabi/lib/thumb/v7e-m+fp/hard\libc_nano.a(libc_a-stdio.o)
                              C:/ST/STM32CubeIDE_1.14.1/STM32CubeIDE/plugins/com.st.stm32cube.ide.mcu.externaltools.gnu-tools-for-stm32.11.3.rel1.win32_1.1.100.202309141235/tools/bin/../lib/gcc/arm-none-eabi/11.3.1/../../../../arm-none-eabi/lib/thumb/v7e-m+fp/hard\libc_nano.a(libc_a-findfp.o) (__sread)
C:/ST/STM32CubeIDE_1.14.1/STM32CubeIDE/plugins/com.st.stm32cube.ide.mcu.externaltools.gnu-tools-for-stm32.11.3.rel1.win32_1.1.100.202309141235/tools/bin/../lib/gcc/arm-none-eabi/11.3.1/../../../../arm-none-eabi/lib/thumb/v7e-m+fp/hard\libc_nano.a(libc_a-memset.o)
                              C:/ST/STM32CubeIDE_1.14.1/STM32CubeIDE/plugins/com.st.stm32cube.ide.mcu.externaltools.gnu-tools-for-stm32.11.3.rel1.win32_1.1.100.202309141235/tools/bin/../lib/gcc/arm-none-eabi/11.3.1/../../../../arm-none-eabi/lib/thumb/v7e-m+fp/hard/crt0.o (memset)
C:/ST/STM32CubeIDE_1.14.1/STM32CubeIDE/plugins/com.st.stm32cube.ide.mcu.externaltools.gnu-tools-for-stm32.11.3.rel1.win32_1.1.100.202309141235/tools/bin/../lib/gcc/arm-none-eabi/11.3.1/../../../../arm-none-eabi/lib/thumb/v7e-m+fp/hard\libc_nano.a(libc_a-strncmp.o)
                              ./Core/Src/LaptopInterface.o (strncmp)
[...]
Memory Configuration

Name             Origin             Length             Attributes
CCMRAM           0x0000000010000000 0x0000000000002000 xrw
RAM              0x0000000020000000 0x000000000000a000 xrw
FLASH            0x0000000008000000 0x0000000000040000 xr
*default*        0x0000000000000000 0xffffffffffffffff

Linker script and memory map

LOAD C:/ST/STM32CubeIDE_1.14.1/STM32CubeIDE/plugins/com.st.stm32cube.ide.mcu.externaltools.gnu-tools-for-stm32.11.3.rel1.win32_1.1.100.202309141235/tools/bin/../lib/gcc/arm-none-eabi/11.3.1/thumb/v7e-m+fp/hard/crti.o
LOAD C:/ST/STM32CubeIDE_1.14.1/STM32CubeIDE/plugins/com.st.stm32cube.ide.mcu.externaltools.gnu-tools-for-stm32.11.3.rel1.win32_1.1.100.202309141235/tools/bin/../lib/gcc/arm-none-eabi/11.3.1/thumb/v7e-m+fp/hard/crtbegin.o
LOAD C:/ST/STM32CubeIDE_1.14.1/STM32CubeIDE/plugins/com.st.stm32cube.ide.mcu.externaltools.gnu-tools-for-stm32.11.3.rel1.win32_1.1.100.202309141235/tools/bin/../lib/gcc/arm-none-eabi/11.3.1/../../../../arm-none-eabi/lib/thumb/v7e-m+fp/hard/crt0.o
LOAD ./Core/Src/LaptopInterface.o
LOAD ./Core/Src/buttonhandler.o
LOAD ./Core/Src/buzzer.o
LOAD ./Core/Src/lidar_sweep.o
LOAD ./Core/Src/main.o
LOAD ./Core/Src/pot.o
LOAD ./Core/Src/ptu_i2c.o
LOAD ./Core/Src/serial.o
LOAD ./Core/Src/stm32f3xx_hal_msp.o
LOAD ./Core/Src/stm32f3xx_it.o
LOAD ./Core/Src/sweep_flag.o
LOAD ./Core/Src/syscalls.o
LOAD ./Core/Src/sysmem.o
LOAD ./Core/Src/system_stm32f3xx.o
LOAD ./Core/Src/timer.o
LOAD ./Core/Startup/startup_stm32f303vctx.o
LOAD ./Drivers/STM32F3xx_HAL_Driver/Src/stm32f3xx_hal.o
LOAD ./Drivers/STM32F3xx_HAL_Driver/Src/stm32f3xx_hal_adc.o
LOAD ./Drivers/STM32F3xx_HAL_Driver/Src/stm32f3xx_hal_adc_ex.o
LOAD ./Drivers/STM32F3xx_HAL_Driver/Src/stm32f3xx_hal_cortex.o
LOAD ./Drivers/STM32F3xx_HAL_Driver/Src/stm32f3xx_hal_dac.o
LOAD ./Drivers/STM32F3xx_HAL_Driver/Src/stm32f3xx_hal_dac_ex.o
LOAD ./Drivers/STM32F3xx_HAL_Driver/Src/stm32f3xx_hal_dma.o
LOAD ./Drivers/STM32F3xx_HAL_Driver/Src/stm32f3xx_hal_exti.o
LOAD ./Drivers/STM32F3xx_HAL_Driver/Src/stm32f3xx_hal_flash.o
LOAD ./Drivers/STM32F3xx_HAL_Driver/Src/stm32f3xx_hal_flash_ex.o
LOAD ./Drivers/STM32F3xx_HAL_Driver/Src/stm32f3xx_hal_gpio.o
LOAD ./Drivers/STM32F3xx_HAL_Driver/Src/stm32f3xx_hal_i2c.o
LOAD ./Drivers/STM32F3xx_HAL_Driver/Src/stm32f3xx_hal_i2c_ex.o
LOAD ./Drivers/STM32F3xx_HAL_Driver/Src/stm32f3xx_hal_pcd.o
LOAD ./Drivers/STM32F3xx_HAL_Driver/Src/stm32f3xx_hal_pcd_ex.o
LOAD ./Drivers/STM32F3xx_HAL_Driver/Src/stm32f3xx_hal_pwr.o
LOAD ./Drivers/STM32F3xx_HAL_Driver/Src/stm32f3xx_hal_pwr_ex.o
LOAD ./Drivers/STM32F3xx_HAL_Driver/Src/stm32f3xx_hal_rcc.o
LOAD ./Drivers/STM32F3xx_HAL_Driver/Src/stm32f3xx_hal_rcc_ex.o
LOAD ./Drivers/STM32F3xx_HAL_Driver/Src/stm32f3xx_hal_spi.o
LOAD ./Drivers/STM32F3xx_HAL_Driver/Src/stm32f3xx_hal_spi_ex.o
LOAD ./Drivers/STM32F3xx_HAL_Driver/Src/stm32f3xx_hal_tim.o
LOAD ./Drivers/STM32F3xx_HAL_Driver/Src/stm32f3xx_hal_tim_ex.o
LOAD ./Drivers/STM32F3xx_HAL_Driver/Src/stm32f3xx_ll_usb.o
START GROUP
LOAD C:/ST/STM32CubeIDE_1.14.1/STM32CubeIDE/plugins/com.st.stm32cube.ide.mcu.externaltools.gnu-tools-for-stm32.11.3.rel1.win32_1.1.100.202309141235/tools/bin/../lib/gcc/arm-none-eabi/11.3.1/../../../../arm-none-eabi/lib/thumb/v7e-m+fp/hard\libc_nano.a
LOAD C:/ST/STM32CubeIDE_1.14.1/STM32CubeIDE/plugins/com.st.stm32cube.ide.mcu.externaltools.gnu-tools-for-stm32.11.3.rel1.win32_1.1.100.202309141235/tools/bin/../lib/gcc/arm-none-eabi/11.3.1/../../../../arm-none-eabi/lib/thumb/v7e-m+fp/hard\libm.a
END GROUP
START GROUP
LOAD C:/ST/STM32CubeIDE_1.14.1/STM32CubeIDE/plugins/com.st.stm32cube.ide.mcu.externaltools.gnu-tools-for-stm32.11.3.rel1.win32_1.1.100.202309141235/tools/bin/../lib/gcc/arm-none-eabi/11.3.1/thumb/v7e-m+fp/hard\libgcc.a
LOAD C:/ST/STM32CubeIDE_1.14.1/STM32CubeIDE/plugins/com.st.stm32cube.ide.mcu.externaltools.gnu-tools-for-stm32.11.3.rel1.win32_1.1.100.202309141235/tools/bin/../lib/gcc/arm-none-eabi/11.3.1/../../../../arm-none-eabi/lib/thumb/v7e-m+fp/hard\libc_nano.a
END GROUP
START GROUP
LOAD C:/ST/STM32CubeIDE_1.14.1/STM32CubeIDE/plugins/com.st.stm32cube.ide.mcu.externaltools.gnu-tools-for-stm32.11.3.rel1.win32_1.1.100.202309141235/tools/bin/../lib/gcc/arm-none-eabi/11.3.1/thumb/v7e-m+fp/hard\libgcc.a
LOAD C:/ST/STM32CubeIDE_1.14.1/STM32CubeIDE/plugins/com.st.stm32cube.ide.mcu.externaltools.gnu-tools-for-stm32.11.3.rel1.win32_1.1.100.202309141235/tools/bin/../lib/gcc/arm-none-eabi/11.3.1/../../../../arm-none-eabi/lib/thumb/v7e-m+fp/hard\libc_nano.a
LOAD C:/ST/STM32CubeIDE_1.14.1/STM32CubeIDE/plugins/com.st.stm32cube.ide.mcu.externaltools.gnu-tools-for-stm32.11.3.rel1.win32_1.1.100.202309141235/tools/bin/../lib/gcc/arm-none-eabi/11.3.1/../../../../arm-none-eabi/lib/thumb/v7e-m+fp/hard\libnosys.a
END GROUP
START GROUP
LOAD C:/ST/STM32CubeIDE_1.14.1/STM32CubeIDE/plugins/com.st.stm32cube.ide.mcu.externaltools.gnu-tools-for-stm32.11.3.rel1.win32_1.1.100.202309141235/tools/bin/../lib/gcc/arm-none-eabi/11.3.1/thumb/v7e-m+fp/hard\libgcc.a
LOAD C:/ST/STM32CubeIDE_1.14.1/STM32CubeIDE/plugins/com.st.stm32cube.ide.mcu.externaltools.gnu-tools-for-stm32.11.3.rel1.win32_1.1.100.202309141235/tools/bin/../lib/gcc/arm-none-eabi/11.3.1/../../../../arm-none-eabi/lib/thumb/v7e-m+fp/hard\libc_nano.a
LOAD C:/ST/STM32CubeIDE_1.14.1/STM32CubeIDE/plugins/com.st.stm32cube.ide.mcu.externaltools.gnu-tools-for-stm32.11.3.rel1.win32_1.1.100.202309141235/tools/bin/../lib/gcc/arm-none-eabi/11.3.1/../../../../arm-none-eabi/lib/thumb/v7e-m+fp/hard\libnosys.a
END GROUP
LOAD C:/ST/STM32CubeIDE_1.14.1/STM32CubeIDE/plugins/com.st.stm32cube.ide.mcu.externaltools.gnu-tools-for-stm32.11.3.rel1.win32_1.1.100.202309141235/tools/bin/../lib/gcc/arm-none-eabi/11.3.1/thumb/v7e-m+fp/hard/crtend.o
LOAD C:/ST/STM32CubeIDE_1.14.1/STM32CubeIDE/plugins/com.st.stm32cube.ide.mcu.externaltools.gnu-tools-for-stm32.11.3.rel1.win32_1.1.100.202309141235/tools/bin/../lib/gcc/arm-none-eabi/11.3.1/thumb/v7e-m+fp/hard/crtn.o
                0x000000002000a000                _estack = (ORIGIN (RAM) + LENGTH (RAM))
                0x0000000000000200                _Min_Heap_Size = 0x200
                0x0000000000000400                _Min_Stack_Size = 0x400

.isr_vector     0x0000000008000000      0x188
                0x0000000008000000                . = ALIGN (0x4)
 *(.isr_vector)
 .isr_vector    0x0000000008000000      0x188 ./Core/Startup/startup_stm32f303vctx.o
                0x0000000008000000                g_pfnVectors
                0x0000000008000188                . = ALIGN (0x4)

.text           0x0000000008000190     0x9ff0
                0x0000000008000190                . = ALIGN (0x4)
 *(.text)
 .text          0x0000000008000190       0x40 C:/ST/STM32CubeIDE_1.14.1/STM32CubeIDE/plugins/com.st.stm32cube.ide.mcu.externaltools.gnu-tools-for-stm32.11.3.rel1.win32_1.1.100.202309141235/tools/bin/../lib/gcc/arm-none-eabi/11.3.1/thumb/v7e-m+fp/hard/crtbegin.o
 .text          0x00000000080001d0       0xa0 C:/ST/STM32CubeIDE_1.14.1/STM32CubeIDE/plugins/com.st.stm32cube.ide.mcu.externaltools.gnu-tools-for-stm32.11.3.rel1.win32_1.1.100.202309141235/tools/bin/../lib/gcc/arm-none-eabi/11.3.1/../../../../arm-none-eabi/lib/thumb/v7e-m+fp/hard\libc_nano.a(libc_a-memchr.o)
                0x00000000080001d0                memchr
 .text          0x0000000008000270      0x378 C:/ST/STM32CubeIDE_1.14.1/STM32CubeIDE/plugins/com.st.stm32cube.ide.mcu.externaltools.gnu-tools-for-stm32.11.3.rel1.win32_1.1.100.202309141235/tools/bin/../lib/gcc/arm-none-eabi/11.3.1/thumb/v7e-m+fp/hard\libgcc.a(_arm_addsubdf3.o)
                0x0000000008000270                __aeabi_drsub
                0x0000000008000278                __aeabi_dsub
                0x0000000008000278                __subdf3
                0x000000000800027c                __aeabi_dadd
                0x000000000800027c                __adddf3
                0x00000000080004f4                __floatunsidf
                0x00000000080004f4                __aeabi_ui2d
                0x0000000008000514                __floatsidf
                0x0000000008000514                __aeabi_i2d
                0x0000000008000538                __aeabi_f2d
                0x0000000008000538                __extendsfdf2
                0x000000000800057c                __floatundidf
                0x000000000800057c                __aeabi_ul2d
                0x000000000800058c                __floatdidf
                0x000000000800058c                __aeabi_l2d
 .text          0x00000000080005e8      0x424 C:/ST/STM32CubeIDE_1.14.1/STM32CubeIDE/plugins/com.st.stm32cube.ide.mcu.externaltools.gnu-tools-for-stm32.11.3.rel1.win32_1.1.100.202309141235/tools/bin/../lib/gcc/arm-none-eabi/11.3.1/thumb/v7e-m+fp/hard\libgcc.a(_arm_muldivdf3.o)
                0x00000000080005e8                __aeabi_dmul
                0x00000000080005e8                __muldf3
                0x000000000800083c                __divdf3
                0x000000000800083c                __aeabi_ddiv
 .text          0x0000000008000a0c      0x110 C:/ST/STM32CubeIDE_1.14.1/STM32CubeIDE/plugins/com.st.stm32cube.ide.mcu.externaltools.gnu-tools-for-stm32.11.3.rel1.win32_1.1.100.202309141235/tools/bin/../lib/gcc/arm-none-eabi/11.3.1/thumb/v7e-m+fp/hard\libgcc.a(_arm_cmpdf2.o)
                0x0000000008000a0c                __gtdf2
                0x0000000008000a0c                __gedf2
                0x0000000008000a14                __ltdf2
                0x0000000008000a14                __ledf2
                0x0000000008000a1c                __nedf2
                0x0000000008000a1c                __eqdf2
                0x0000000008000a1c                __cmpdf2
                0x0000000008000a98                __aeabi_cdrcmple
                0x0000000008000aa8                __aeabi_cdcmpeq
                0x0000000008000aa8                __aeabi_cdcmple
                0x0000000008000ab8                __aeabi_dcmpeq
                0x0000000008000acc                __aeabi_dcmplt
                0x0000000008000ae0                __aeabi_dcmple
                0x0000000008000af4                __aeabi_dcmpge
                0x0000000008000b08                __aeabi_dcmpgt
 .text          0x0000000008000b1c       0x50 C:/ST/STM32CubeIDE_1.14.1/STM32CubeIDE/plugins/com.st.stm32cube.ide.mcu.externaltools.gnu-tools-for-stm32.11.3.rel1.win32_1.1.100.202309141235/tools/bin/../lib/gcc/arm-none-eabi/11.3.1/thumb/v7e-m+fp/hard\libgcc.a(_arm_fixdfsi.o)
                0x0000000008000b1c                __aeabi_d2iz
                0x0000000008000b1c                __fixdfsi
 .text          0x0000000008000b6c       0x40 C:/ST/STM32CubeIDE_1.14.1/STM32CubeIDE/plugins/com.st.stm32cube.ide.mcu.externaltools.gnu-tools-for-stm32.11.3.rel1.win32_1.1.100.202309141235/tools/bin/../lib/gcc/arm-none-eabi/11.3.1/thumb/v7e-m+fp/hard\libgcc.a(_arm_fixunsdfsi.o)
                0x0000000008000b6c                __aeabi_d2uiz
                0x0000000008000b6c                __fixunsdfsi
 *(.text*)
 .text.checkStop
                0x0000000008000bac       0x30 ./Core/Src/LaptopInterface.o
                0x0000000008000bac                checkStop
 .text.laptopInterfaceInitialise
                0x0000000008000bdc       0x30 ./Core/Src/LaptopInterface.o
                0x0000000008000bdc                laptopInterfaceInitialise
 .text.setLaptopGreen
                0x0000000008000c0c       0x24 ./Core/Src/LaptopInterface.o
                0x0000000008000c0c                setLaptopGreen
 .text.setLaptopRed
                0x0000000008000c30       0x24 ./Core/Src/LaptopInterface.o
                0x0000000008000c30                setLaptopRed
 .text.__NVIC_EnableIRQ
                0x0000000008000c54       0x3c ./Core/Src/buttonhandler.o
 .text.__NVIC_SetPriority
                0x0000000008000c90       0x54 ./Core/Src/buttonhandler.o
 .text.enable_interrupt
                0x0000000008000ce4       0x58 ./Core/Src/buttonhandler.o
                0x0000000008000ce4                enable_interrupt
 .text.initButtonHandler
                0x0000000008000d3c       0x20 ./Core/Src/buttonhandler.o
                0x0000000008000d3c                initButtonHandler
 .text.EXTI0_IRQHandler
                0x0000000008000d5c       0x2c ./Core/Src/buttonhandler.o
                0x0000000008000d5c                EXTI0_IRQHandler
 .text.calcsin  0x0000000008000d88       0xc8 ./Core/Src/buzzer.o
                0x0000000008000d88                calcsin
 .text.get_buzzer
                0x0000000008000e50       0x18 ./Core/Src/buzzer.o
                0x0000000008000e50                get_buzzer
 .text.toggleBuzzer
                0x0000000008000e68       0x58 ./Core/Src/buzzer.o
                0x0000000008000e68                toggleBuzzer
 .text.set_pan  0x0000000008000ec0       0x38 ./Core/Src/lidar_sweep.o
                0x0000000008000ec0                set_pan
 .text.set_tilt
                0x0000000008000ef8       0x38 ./Core/Src/lidar_sweep.o
                0x0000000008000ef8                set_tilt
 .text.transfer_array_data
                0x0000000008000f30       0x42 ./Core/Src/lidar_sweep.o
                0x0000000008000f30                transfer_array_data
 *fill*         0x0000000008000f72        0x2 
 .text.setup_sweeper
                0x0000000008000f74       0x88 ./Core/Src/lidar_sweep.o
                0x0000000008000f74                setup_sweeper
 .text.sweep    0x0000000008000ffc      0x150 ./Core/Src/lidar_sweep.o
                0x0000000008000ffc                sweep
 .text.sweep_routine
                0x000000000800114c       0x4a ./Core/Src/lidar_sweep.o
                0x000000000800114c                sweep_routine
 *fill*         0x0000000008001196        0x2 
 .text.HAL_TIM_IC_CaptureCallback
                0x0000000008001198       0x80 ./Core/Src/lidar_sweep.o
                0x0000000008001198                HAL_TIM_IC_CaptureCallback
 .text.toggleLEDs
                0x0000000008001218       0x28 ./Core/Src/main.o
                0x0000000008001218                toggleLEDs
 .text.toggle   0x0000000008001240        0xe ./Core/Src/main.o
                0x0000000008001240                toggle
 *fill*         0x000000000800124e        0x2 
 .text.enable_clocks
                0x0000000008001250       0x20 ./Core/Src/main.o
                0x0000000008001250                enable_clocks
 .text.green_routine
                0x0000000008001270       0x28 ./Core/Src/main.o
                0x0000000008001270                green_routine
 .text.red_routine
                0x0000000008001298       0x28 ./Core/Src/main.o
                0x0000000008001298                red_routine
 .text.finished_routine
                0x00000000080012c0       0x18 ./Core/Src/main.o
                0x00000000080012c0                finished_routine
 .text.setup_routine
                0x00000000080012d8       0x64 ./Core/Src/main.o
                0x00000000080012d8                setup_routine
 .text.main     0x000000000800133c       0xc0 ./Core/Src/main.o
                0x000000000800133c                main
 .text.SystemClock_Config
                0x00000000080013fc       0xcc ./Core/Src/main.o
                0x00000000080013fc                SystemClock_Config
 .text.MX_ADC1_Init
                0x00000000080014c8       0xe0 ./Core/Src/main.o
 .text.MX_DAC_Init
                0x00000000080015a8       0x64 ./Core/Src/main.o
 .text.MX_I2C1_Init
                0x000000000800160c       0x80 ./Core/Src/main.o
 .text.MX_SPI1_Init
                0x000000000800168c       0x7c ./Core/Src/main.o
 .text.MX_TIM1_Init
                0x0000000008001708       0xec ./Core/Src/main.o
 .text.MX_TIM2_Init
                0x00000000080017f4       0xcc ./Core/Src/main.o
 .text.MX_TIM3_Init
                0x00000000080018c0       0x9c ./Core/Src/main.o
 .text.MX_USB_PCD_Init
                0x000000000800195c       0x44 ./Core/Src/main.o
 .text.MX_DMA_Init
                0x00000000080019a0       0x3c ./Core/Src/main.o
 .text.MX_GPIO_Init
                0x00000000080019dc       0xfc ./Core/Src/main.o
 .text.Error_Handler
                0x0000000008001ad8        0xa ./Core/Src/main.o
                0x0000000008001ad8                Error_Handler
 *fill*         0x0000000008001ae2        0x2 
 .text.Potentiometer_Read
                0x0000000008001ae4       0x20 ./Core/Src/pot.o
                0x0000000008001ae4                Potentiometer_Read
 .text.initialise_ptu_i2c
                0x0000000008001b04       0x98 ./Core/Src/ptu_i2c.o
                0x0000000008001b04                initialise_ptu_i2c
 .text.__NVIC_EnableIRQ
                0x0000000008001b9c       0x3c ./Core/Src/serial.o
 .text.__NVIC_SetPriority
                0x0000000008001bd8       0x54 ./Core/Src/serial.o
 .text.USART1_IRQHandler
                0x0000000008001c2c       0x28 ./Core/Src/serial.o
                0x0000000008001c2c                USART1_IRQHandler
 .text.serialInitialise
                0x0000000008001c54      0x170 ./Core/Src/serial.o
                0x0000000008001c54                serialInitialise
 .text.setTransmitInterrupt
                0x0000000008001dc4       0x48 ./Core/Src/serial.o
                0x0000000008001dc4                setTransmitInterrupt
 .text.serialReceiveCharacter
                0x0000000008001e0c       0xd0 ./Core/Src/serial.o
                0x0000000008001e0c                serialReceiveCharacter
 .text.serialTransmitCharacter
                0x0000000008001edc       0x6a ./Core/Src/serial.o
                0x0000000008001edc                serialTransmitCharacter
 .text.serialTransmitString
                0x0000000008001f46       0x20 ./Core/Src/serial.o
                0x0000000008001f46                serialTransmitString
 *fill*         0x0000000008001f66        0x2 
 .text.HAL_MspInit
                0x0000000008001f68       0x48 ./Core/Src/stm32f3xx_hal_msp.o
                0x0000000008001f68                HAL_MspInit
 .text.HAL_ADC_MspInit
                0x0000000008001fb0       0xb0 ./Core/Src/stm32f3xx_hal_msp.o
                0x0000000008001fb0                HAL_ADC_MspInit
 .text.HAL_DAC_MspInit
                0x0000000008002060       0xe4 ./Core/Src/stm32f3xx_hal_msp.o
                0x0000000008002060                HAL_DAC_MspInit
 .text.HAL_I2C_MspInit
                0x0000000008002144       0x88 ./Core/Src/stm32f3xx_hal_msp.o
                0x0000000008002144                HAL_I2C_MspInit
 .text.HAL_SPI_MspInit
                0x00000000080021cc       0x84 ./Core/Src/stm32f3xx_hal_msp.o
                0x00000000080021cc                HAL_SPI_MspInit
 .text.HAL_TIM_Base_MspInit
                0x0000000008002250       0xc0 ./Core/Src/stm32f3xx_hal_msp.o
                0x0000000008002250                HAL_TIM_Base_MspInit
 .text.HAL_TIM_PWM_MspInit
                0x0000000008002310       0x48 ./Core/Src/stm32f3xx_hal_msp.o
                0x0000000008002310                HAL_TIM_PWM_MspInit
 .text.HAL_TIM_MspPostInit
                0x0000000008002358       0x6c ./Core/Src/stm32f3xx_hal_msp.o
                0x0000000008002358                HAL_TIM_MspPostInit
 .text.HAL_PCD_MspInit
                0x00000000080023c4       0x88 ./Core/Src/stm32f3xx_hal_msp.o
                0x00000000080023c4                HAL_PCD_MspInit
 .text.NMI_Handler
                0x000000000800244c        0x6 ./Core/Src/stm32f3xx_it.o
                0x000000000800244c                NMI_Handler
 .text.HardFault_Handler
                0x0000000008002452        0x6 ./Core/Src/stm32f3xx_it.o
                0x0000000008002452                HardFault_Handler
 .text.MemManage_Handler
                0x0000000008002458        0x6 ./Core/Src/stm32f3xx_it.o
                0x0000000008002458                MemManage_Handler
 .text.BusFault_Handler
                0x000000000800245e        0x6 ./Core/Src/stm32f3xx_it.o
                0x000000000800245e                BusFault_Handler
 .text.UsageFault_Handler
                0x0000000008002464        0x6 ./Core/Src/stm32f3xx_it.o
                0x0000000008002464                UsageFault_Handler
 .text.SVC_Handler
                0x000000000800246a        0xe ./Core/Src/stm32f3xx_it.o
                0x000000000800246a                SVC_Handler
 .text.DebugMon_Handler
                0x0000000008002478        0xe ./Core/Src/stm32f3xx_it.o
                0x0000000008002478                DebugMon_Handler
 .text.PendSV_Handler
                0x0000000008002486        0xe ./Core/Src/stm32f3xx_it.o
                0x0000000008002486                PendSV_Handler
 .text.SysTick_Handler
                0x0000000008002494        0xc ./Core/Src/stm32f3xx_it.o
                0x0000000008002494                SysTick_Handler
 .text.DMA1_Channel3_IRQHandler
                0x00000000080024a0       0x14 ./Core/Src/stm32f3xx_it.o
                0x00000000080024a0                DMA1_Channel3_IRQHandler
 .text.TIM1_CC_IRQHandler
                0x00000000080024b4       0x14 ./Core/Src/stm32f3xx_it.o
                0x00000000080024b4                TIM1_CC_IRQHandler
 .text.TIM2_IRQHandler
                0x00000000080024c8       0x14 ./Core/Src/stm32f3xx_it.o
                0x00000000080024c8                TIM2_IRQHandler
 .text.get_status
                0x00000000080024dc       0x18 ./Core/Src/sweep_flag.o
                0x00000000080024dc                get_status
 .text.set_setup
                0x00000000080024f4       0x18 ./Core/Src/sweep_flag.o
                0x00000000080024f4                set_setup
 .text.set_green
                0x000000000800250c       0x18 ./Core/Src/sweep_flag.o
                0x000000000800250c                set_green
 .text.set_red  0x0000000008002524       0x18 ./Core/Src/sweep_flag.o
                0x0000000008002524                set_red
 .text.set_detected
                0x000000000800253c       0x18 ./Core/Src/sweep_flag.o
                0x000000000800253c                set_detected
 .text.set_finished
                0x0000000008002554       0x18 ./Core/Src/sweep_flag.o
                0x0000000008002554                set_finished
 .text._sbrk    0x000000000800256c       0x6c ./Core/Src/sysmem.o
                0x000000000800256c                _sbrk
 .text.SystemInit
                0x00000000080025d8       0x24 ./Core/Src/system_stm32f3xx.o
                0x00000000080025d8                SystemInit
 .text.__NVIC_EnableIRQ
                0x00000000080025fc       0x3c ./Core/Src/timer.o
 .text.__NVIC_SetPriority
                0x0000000008002638       0x54 ./Core/Src/timer.o
 .text.TIM3_IRQHandler
                0x000000000800268c       0x1c ./Core/Src/timer.o
                0x000000000800268c                TIM3_IRQHandler
 .text.TIM4_IRQHandler
                0x00000000080026a8       0x1c ./Core/Src/timer.o
                0x00000000080026a8                TIM4_IRQHandler
 .text.timerHandler
                0x00000000080026c4       0x62 ./Core/Src/timer.o
                0x00000000080026c4                timerHandler
 .text.timerInitialise
                0x0000000008002726       0x1c ./Core/Src/timer.o
                0x0000000008002726                timerInitialise
 *fill*         0x0000000008002742        0x2 
 .text.enableTimer
                0x0000000008002744       0x48 ./Core/Src/timer.o
                0x0000000008002744                enableTimer
 .text.triggerPrescaler
                0x000000000800278c       0x2e ./Core/Src/timer.o
                0x000000000800278c                triggerPrescaler
 .text.enableInterrupts
                0x00000000080027ba       0x42 ./Core/Src/timer.o
                0x00000000080027ba                enableInterrupts
 .text.resetTimer
                0x00000000080027fc       0x40 ./Core/Src/timer.o
                0x00000000080027fc                resetTimer
 .text.stopTimer
                0x000000000800283c       0x2c ./Core/Src/timer.o
                0x000000000800283c                stopTimer
 .text.setDelay
                0x0000000008002868       0x28 ./Core/Src/timer.o
                0x0000000008002868                setDelay
 .text.Reset_Handler
                0x0000000008002890       0x50 ./Core/Startup/startup_stm32f303vctx.o
                0x0000000008002890                Reset_Handler
 .text.Default_Handler
                0x00000000080028e0        0x2 ./Core/Startup/startup_stm32f303vctx.o
                0x00000000080028e0                RTC_Alarm_IRQHandler
                0x00000000080028e0                TIM8_TRG_COM_IRQHandler
                0x00000000080028e0                TIM8_CC_IRQHandler
                0x00000000080028e0                USB_HP_IRQHandler
                0x00000000080028e0                PVD_IRQHandler
                0x00000000080028e0                TAMP_STAMP_IRQHandler
                0x00000000080028e0                EXTI3_IRQHandler
                0x00000000080028e0                USB_HP_CAN_TX_IRQHandler
                0x00000000080028e0                I2C2_EV_IRQHandler
                0x00000000080028e0                FPU_IRQHandler
                0x00000000080028e0                TIM1_UP_TIM16_IRQHandler
                0x00000000080028e0                ADC1_2_IRQHandler
                0x00000000080028e0                SPI1_IRQHandler
                0x00000000080028e0                CAN_SCE_IRQHandler
                0x00000000080028e0                TIM6_DAC_IRQHandler
                0x00000000080028e0                TIM8_UP_IRQHandler
                0x00000000080028e0                DMA2_Channel2_IRQHandler
                0x00000000080028e0                DMA1_Channel4_IRQHandler
                0x00000000080028e0                USART3_IRQHandler
                0x00000000080028e0                DMA1_Channel7_IRQHandler
                0x00000000080028e0                UART5_IRQHandler
                0x00000000080028e0                ADC3_IRQHandler
                0x00000000080028e0                CAN_RX1_IRQHandler
                0x00000000080028e0                DMA2_Channel1_IRQHandler
                0x00000000080028e0                I2C1_EV_IRQHandler
                0x00000000080028e0                DMA1_Channel6_IRQHandler
                0x00000000080028e0                UART4_IRQHandler
                0x00000000080028e0                DMA2_Channel4_IRQHandler
                0x00000000080028e0                RCC_IRQHandler
                0x00000000080028e0                DMA1_Channel1_IRQHandler
                0x00000000080028e0                Default_Handler
                0x00000000080028e0                USBWakeUp_RMP_IRQHandler
                0x00000000080028e0                EXTI15_10_IRQHandler
                0x00000000080028e0                TIM7_IRQHandler
                0x00000000080028e0                EXTI9_5_IRQHandler
                0x00000000080028e0                RTC_WKUP_IRQHandler
                0x00000000080028e0                SPI2_IRQHandler
                0x00000000080028e0                USB_LP_CAN_RX0_IRQHandler
                0x00000000080028e0                DMA2_Channel5_IRQHandler
                0x00000000080028e0                DMA1_Channel5_IRQHandler
                0x00000000080028e0                USB_LP_IRQHandler
                0x00000000080028e0                EXTI4_IRQHandler
                0x00000000080028e0                TIM1_TRG_COM_TIM17_IRQHandler
                0x00000000080028e0                ADC4_IRQHandler
                0x00000000080028e0                WWDG_IRQHandler
                0x00000000080028e0                COMP7_IRQHandler
                0x00000000080028e0                COMP1_2_3_IRQHandler
                0x00000000080028e0                EXTI1_IRQHandler
                0x00000000080028e0                USART2_IRQHandler
                0x00000000080028e0                COMP4_5_6_IRQHandler
                0x00000000080028e0                I2C2_ER_IRQHandler
                0x00000000080028e0                DMA1_Channel2_IRQHandler
                0x00000000080028e0                TIM8_BRK_IRQHandler
                0x00000000080028e0                FLASH_IRQHandler
                0x00000000080028e0                SPI3_IRQHandler
                0x00000000080028e0                I2C1_ER_IRQHandler
                0x00000000080028e0                USBWakeUp_IRQHandler
                0x00000000080028e0                DMA2_Channel3_IRQHandler
                0x00000000080028e0                EXTI2_TSC_IRQHandler
                0x00000000080028e0                TIM1_BRK_TIM15_IRQHandler
 *fill*         0x00000000080028e2        0x2 
 .text.HAL_Init
                0x00000000080028e4       0x2c ./Drivers/STM32F3xx_HAL_Driver/Src/stm32f3xx_hal.o
                0x00000000080028e4                HAL_Init
 .text.HAL_InitTick
                0x0000000008002910       0x60 ./Drivers/STM32F3xx_HAL_Driver/Src/stm32f3xx_hal.o
                0x0000000008002910                HAL_InitTick
 .text.HAL_IncTick
                0x0000000008002970       0x28 ./Drivers/STM32F3xx_HAL_Driver/Src/stm32f3xx_hal.o
                0x0000000008002970                HAL_IncTick
 .text.HAL_GetTick
                0x0000000008002998       0x18 ./Drivers/STM32F3xx_HAL_Driver/Src/stm32f3xx_hal.o
                0x0000000008002998                HAL_GetTick
 .text.HAL_Delay
                0x00000000080029b0       0x48 ./Drivers/STM32F3xx_HAL_Driver/Src/stm32f3xx_hal.o
                0x00000000080029b0                HAL_Delay
 .text.HAL_ADC_Init
                0x00000000080029f8      0x3c0 ./Drivers/STM32F3xx_HAL_Driver/Src/stm32f3xx_hal_adc_ex.o
                0x00000000080029f8                HAL_ADC_Init
 .text.HAL_ADC_Start
                0x0000000008002db8      0x22c ./Drivers/STM32F3xx_HAL_Driver/Src/stm32f3xx_hal_adc_ex.o
                0x0000000008002db8                HAL_ADC_Start
 .text.HAL_ADC_PollForConversion
                0x0000000008002fe4      0x204 ./Drivers/STM32F3xx_HAL_Driver/Src/stm32f3xx_hal_adc_ex.o
                0x0000000008002fe4                HAL_ADC_PollForConversion
 .text.HAL_ADC_GetValue
                0x00000000080031e8       0x1a ./Drivers/STM32F3xx_HAL_Driver/Src/stm32f3xx_hal_adc_ex.o
                0x00000000080031e8                HAL_ADC_GetValue
 *fill*         0x0000000008003202        0x2 
 .text.HAL_ADC_ConfigChannel
                0x0000000008003204      0x5d4 ./Drivers/STM32F3xx_HAL_Driver/Src/stm32f3xx_hal_adc_ex.o
                0x0000000008003204                HAL_ADC_ConfigChannel
 .text.HAL_ADCEx_MultiModeConfigChannel
                0x00000000080037d8      0x1e4 ./Drivers/STM32F3xx_HAL_Driver/Src/stm32f3xx_hal_adc_ex.o
                0x00000000080037d8                HAL_ADCEx_MultiModeConfigChannel
 .text.ADC_Enable
                0x00000000080039bc       0xc8 ./Drivers/STM32F3xx_HAL_Driver/Src/stm32f3xx_hal_adc_ex.o
 .text.ADC_Disable
                0x0000000008003a84       0xcc ./Drivers/STM32F3xx_HAL_Driver/Src/stm32f3xx_hal_adc_ex.o
 .text.__NVIC_SetPriorityGrouping
                0x0000000008003b50       0x48 ./Drivers/STM32F3xx_HAL_Driver/Src/stm32f3xx_hal_cortex.o
 .text.__NVIC_GetPriorityGrouping
                0x0000000008003b98       0x1c ./Drivers/STM32F3xx_HAL_Driver/Src/stm32f3xx_hal_cortex.o
 .text.__NVIC_EnableIRQ
                0x0000000008003bb4       0x3c ./Drivers/STM32F3xx_HAL_Driver/Src/stm32f3xx_hal_cortex.o
 .text.__NVIC_SetPriority
                0x0000000008003bf0       0x54 ./Drivers/STM32F3xx_HAL_Driver/Src/stm32f3xx_hal_cortex.o
 .text.NVIC_EncodePriority
                0x0000000008003c44       0x66 ./Drivers/STM32F3xx_HAL_Driver/Src/stm32f3xx_hal_cortex.o
 *fill*         0x0000000008003caa        0x2 
 .text.SysTick_Config
                0x0000000008003cac       0x44 ./Drivers/STM32F3xx_HAL_Driver/Src/stm32f3xx_hal_cortex.o
 .text.HAL_NVIC_SetPriorityGrouping
                0x0000000008003cf0       0x16 ./Drivers/STM32F3xx_HAL_Driver/Src/stm32f3xx_hal_cortex.o
                0x0000000008003cf0                HAL_NVIC_SetPriorityGrouping
 .text.HAL_NVIC_SetPriority
                0x0000000008003d06       0x38 ./Drivers/STM32F3xx_HAL_Driver/Src/stm32f3xx_hal_cortex.o
                0x0000000008003d06                HAL_NVIC_SetPriority
 .text.HAL_NVIC_EnableIRQ
                0x0000000008003d3e       0x1c ./Drivers/STM32F3xx_HAL_Driver/Src/stm32f3xx_hal_cortex.o
                0x0000000008003d3e                HAL_NVIC_EnableIRQ
 .text.HAL_SYSTICK_Config
                0x0000000008003d5a       0x18 ./Drivers/STM32F3xx_HAL_Driver/Src/stm32f3xx_hal_cortex.o
                0x0000000008003d5a                HAL_SYSTICK_Config
 .text.HAL_DAC_Init
                0x0000000008003d72       0x44 ./Drivers/STM32F3xx_HAL_Driver/Src/stm32f3xx_hal_dac.o
                0x0000000008003d72                HAL_DAC_Init
 .text.HAL_DAC_ConvCpltCallbackCh1
                0x0000000008003db6       0x14 ./Drivers/STM32F3xx_HAL_Driver/Src/stm32f3xx_hal_dac.o
                0x0000000008003db6                HAL_DAC_ConvCpltCallbackCh1
 .text.HAL_DAC_ConvHalfCpltCallbackCh1
                0x0000000008003dca       0x14 ./Drivers/STM32F3xx_HAL_Driver/Src/stm32f3xx_hal_dac.o
                0x0000000008003dca                HAL_DAC_ConvHalfCpltCallbackCh1
 .text.HAL_DAC_ErrorCallbackCh1
                0x0000000008003dde       0x14 ./Drivers/STM32F3xx_HAL_Driver/Src/stm32f3xx_hal_dac.o
                0x0000000008003dde                HAL_DAC_ErrorCallbackCh1
 *fill*         0x0000000008003df2        0x2 
 .text.HAL_DAC_Start_DMA
                0x0000000008003df4      0x178 ./Drivers/STM32F3xx_HAL_Driver/Src/stm32f3xx_hal_dac_ex.o
                0x0000000008003df4                HAL_DAC_Start_DMA
 .text.HAL_DAC_ConfigChannel
                0x0000000008003f6c       0x9a ./Drivers/STM32F3xx_HAL_Driver/Src/stm32f3xx_hal_dac_ex.o
                0x0000000008003f6c                HAL_DAC_ConfigChannel
 .text.HAL_DACEx_ConvCpltCallbackCh2
                0x0000000008004006       0x14 ./Drivers/STM32F3xx_HAL_Driver/Src/stm32f3xx_hal_dac_ex.o
                0x0000000008004006                HAL_DACEx_ConvCpltCallbackCh2
 .text.HAL_DACEx_ConvHalfCpltCallbackCh2
                0x000000000800401a       0x14 ./Drivers/STM32F3xx_HAL_Driver/Src/stm32f3xx_hal_dac_ex.o
                0x000000000800401a                HAL_DACEx_ConvHalfCpltCallbackCh2
 .text.HAL_DACEx_ErrorCallbackCh2
                0x000000000800402e       0x14 ./Drivers/STM32F3xx_HAL_Driver/Src/stm32f3xx_hal_dac_ex.o
                0x000000000800402e                HAL_DACEx_ErrorCallbackCh2
 .text.DAC_DMAConvCpltCh1
                0x0000000008004042       0x22 ./Drivers/STM32F3xx_HAL_Driver/Src/stm32f3xx_hal_dac_ex.o
 .text.DAC_DMAHalfConvCpltCh1
                0x0000000008004064       0x1c ./Drivers/STM32F3xx_HAL_Driver/Src/stm32f3xx_hal_dac_ex.o
 .text.DAC_DMAErrorCh1
                0x0000000008004080       0x2e ./Drivers/STM32F3xx_HAL_Driver/Src/stm32f3xx_hal_dac_ex.o
 .text.DAC_DMAConvCpltCh2
                0x00000000080040ae       0x22 ./Drivers/STM32F3xx_HAL_Driver/Src/stm32f3xx_hal_dac_ex.o
 .text.DAC_DMAHalfConvCpltCh2
                0x00000000080040d0       0x1c ./Drivers/STM32F3xx_HAL_Driver/Src/stm32f3xx_hal_dac_ex.o
 .text.DAC_DMAErrorCh2
                0x00000000080040ec       0x2e ./Drivers/STM32F3xx_HAL_Driver/Src/stm32f3xx_hal_dac_ex.o
 .text.HAL_DMA_Init
                0x000000000800411a       0x8e ./Drivers/STM32F3xx_HAL_Driver/Src/stm32f3xx_hal_dma.o
                0x000000000800411a                HAL_DMA_Init
 .text.HAL_DMA_Start_IT
                0x00000000080041a8       0xbe ./Drivers/STM32F3xx_HAL_Driver/Src/stm32f3xx_hal_dma.o
                0x00000000080041a8                HAL_DMA_Start_IT
 .text.HAL_DMA_IRQHandler
                0x0000000008004266      0x146 ./Drivers/STM32F3xx_HAL_Driver/Src/stm32f3xx_hal_dma.o
                0x0000000008004266                HAL_DMA_IRQHandler
 .text.DMA_SetConfig
                0x00000000080043ac       0x5c ./Drivers/STM32F3xx_HAL_Driver/Src/stm32f3xx_hal_dma.o
 .text.DMA_CalcBaseAndBitshift
                0x0000000008004408       0x78 ./Drivers/STM32F3xx_HAL_Driver/Src/stm32f3xx_hal_dma.o
 .text.HAL_GPIO_Init
                0x0000000008004480      0x2f4 ./Drivers/STM32F3xx_HAL_Driver/Src/stm32f3xx_hal_gpio.o
                0x0000000008004480                HAL_GPIO_Init
 .text.HAL_GPIO_ReadPin
                0x0000000008004774       0x30 ./Drivers/STM32F3xx_HAL_Driver/Src/stm32f3xx_hal_gpio.o
                0x0000000008004774                HAL_GPIO_ReadPin
 .text.HAL_GPIO_WritePin
                0x00000000080047a4       0x30 ./Drivers/STM32F3xx_HAL_Driver/Src/stm32f3xx_hal_gpio.o
                0x00000000080047a4                HAL_GPIO_WritePin
 .text.HAL_I2C_Init
                0x00000000080047d4      0x11e ./Drivers/STM32F3xx_HAL_Driver/Src/stm32f3xx_hal_i2c.o
                0x00000000080047d4                HAL_I2C_Init
 *fill*         0x00000000080048f2        0x2 
 .text.HAL_I2C_Mem_Write
                0x00000000080048f4      0x228 ./Drivers/STM32F3xx_HAL_Driver/Src/stm32f3xx_hal_i2c.o
                0x00000000080048f4                HAL_I2C_Mem_Write
 .text.I2C_RequestMemoryWrite
                0x0000000008004b1c       0xa8 ./Drivers/STM32F3xx_HAL_Driver/Src/stm32f3xx_hal_i2c.o
 .text.I2C_Flush_TXDR
                0x0000000008004bc4       0x48 ./Drivers/STM32F3xx_HAL_Driver/Src/stm32f3xx_hal_i2c.o
 .text.I2C_WaitOnFlagUntilTimeout
                0x0000000008004c0c       0x9e ./Drivers/STM32F3xx_HAL_Driver/Src/stm32f3xx_hal_i2c.o
 .text.I2C_WaitOnTXISFlagUntilTimeout
                0x0000000008004caa       0x8e ./Drivers/STM32F3xx_HAL_Driver/Src/stm32f3xx_hal_i2c.o
 .text.I2C_WaitOnSTOPFlagUntilTimeout
                0x0000000008004d38       0x86 ./Drivers/STM32F3xx_HAL_Driver/Src/stm32f3xx_hal_i2c.o
 *fill*         0x0000000008004dbe        0x2 
 .text.I2C_IsErrorOccurred
                0x0000000008004dc0      0x1c0 ./Drivers/STM32F3xx_HAL_Driver/Src/stm32f3xx_hal_i2c.o
 .text.I2C_TransferConfig
                0x0000000008004f80       0x64 ./Drivers/STM32F3xx_HAL_Driver/Src/stm32f3xx_hal_i2c.o
 .text.HAL_I2CEx_ConfigAnalogFilter
                0x0000000008004fe4       0x96 ./Drivers/STM32F3xx_HAL_Driver/Src/stm32f3xx_hal_i2c_ex.o
                0x0000000008004fe4                HAL_I2CEx_ConfigAnalogFilter
 .text.HAL_I2CEx_ConfigDigitalFilter
                0x000000000800507a       0x98 ./Drivers/STM32F3xx_HAL_Driver/Src/stm32f3xx_hal_i2c_ex.o
                0x000000000800507a                HAL_I2CEx_ConfigDigitalFilter
 .text.HAL_PCD_Init
                0x0000000008005112      0x1a4 ./Drivers/STM32F3xx_HAL_Driver/Src/stm32f3xx_hal_pcd.o
                0x0000000008005112                HAL_PCD_Init
 *fill*         0x00000000080052b6        0x2 
 .text.HAL_RCC_OscConfig
                0x00000000080052b8     0x107c ./Drivers/STM32F3xx_HAL_Driver/Src/stm32f3xx_hal_rcc.o
                0x00000000080052b8                HAL_RCC_OscConfig
 .text.HAL_RCC_ClockConfig
                0x0000000008006334      0x2f8 ./Drivers/STM32F3xx_HAL_Driver/Src/stm32f3xx_hal_rcc.o
                0x0000000008006334                HAL_RCC_ClockConfig
 .text.HAL_RCC_GetSysClockFreq
                0x000000000800662c       0xd4 ./Drivers/STM32F3xx_HAL_Driver/Src/stm32f3xx_hal_rcc.o
                0x000000000800662c                HAL_RCC_GetSysClockFreq
 .text.HAL_RCCEx_PeriphCLKConfig
                0x0000000008006700      0x360 ./Drivers/STM32F3xx_HAL_Driver/Src/stm32f3xx_hal_rcc_ex.o
                0x0000000008006700                HAL_RCCEx_PeriphCLKConfig
 .text.HAL_SPI_Init
                0x0000000008006a60      0x156 ./Drivers/STM32F3xx_HAL_Driver/Src/stm32f3xx_hal_spi.o
                0x0000000008006a60                HAL_SPI_Init
 .text.HAL_TIM_Base_Init
                0x0000000008006bb6       0xae ./Drivers/STM32F3xx_HAL_Driver/Src/stm32f3xx_hal_tim.o
                0x0000000008006bb6                HAL_TIM_Base_Init
 .text.HAL_TIM_Base_Start
                0x0000000008006c64       0xc4 ./Drivers/STM32F3xx_HAL_Driver/Src/stm32f3xx_hal_tim.o
                0x0000000008006c64                HAL_TIM_Base_Start
 .text.HAL_TIM_PWM_Init
                0x0000000008006d28       0xae ./Drivers/STM32F3xx_HAL_Driver/Src/stm32f3xx_hal_tim.o
                0x0000000008006d28                HAL_TIM_PWM_Init
 *fill*         0x0000000008006dd6        0x2 
 .text.HAL_TIM_PWM_Start
                0x0000000008006dd8      0x200 ./Drivers/STM32F3xx_HAL_Driver/Src/stm32f3xx_hal_tim.o
                0x0000000008006dd8                HAL_TIM_PWM_Start
 .text.HAL_TIM_IC_Init
                0x0000000008006fd8       0xae ./Drivers/STM32F3xx_HAL_Driver/Src/stm32f3xx_hal_tim.o
                0x0000000008006fd8                HAL_TIM_IC_Init
 .text.HAL_TIM_IC_MspInit
                0x0000000008007086       0x14 ./Drivers/STM32F3xx_HAL_Driver/Src/stm32f3xx_hal_tim.o
                0x0000000008007086                HAL_TIM_IC_MspInit
 *fill*         0x000000000800709a        0x2 
 .text.HAL_TIM_IC_Start_IT
                0x000000000800709c      0x284 ./Drivers/STM32F3xx_HAL_Driver/Src/stm32f3xx_hal_tim.o
                0x000000000800709c                HAL_TIM_IC_Start_IT
 .text.HAL_TIM_IRQHandler
                0x0000000008007320      0x23e ./Drivers/STM32F3xx_HAL_Driver/Src/stm32f3xx_hal_tim.o
                0x0000000008007320                HAL_TIM_IRQHandler
 .text.HAL_TIM_IC_ConfigChannel
                0x000000000800755e      0x138 ./Drivers/STM32F3xx_HAL_Driver/Src/stm32f3xx_hal_tim.o
                0x000000000800755e                HAL_TIM_IC_ConfigChannel
 *fill*         0x0000000008007696        0x2 
 .text.HAL_TIM_PWM_ConfigChannel
                0x0000000008007698      0x228 ./Drivers/STM32F3xx_HAL_Driver/Src/stm32f3xx_hal_tim.o
                0x0000000008007698                HAL_TIM_PWM_ConfigChannel
 .text.HAL_TIM_ConfigClockSource
                0x00000000080078c0      0x192 ./Drivers/STM32F3xx_HAL_Driver/Src/stm32f3xx_hal_tim.o
                0x00000000080078c0                HAL_TIM_ConfigClockSource
 *fill*         0x0000000008007a52        0x2 
 .text.HAL_TIM_ReadCapturedValue
                0x0000000008007a54       0x88 ./Drivers/STM32F3xx_HAL_Driver/Src/stm32f3xx_hal_tim.o
                0x0000000008007a54                HAL_TIM_ReadCapturedValue
 .text.HAL_TIM_PeriodElapsedCallback
                0x0000000008007adc       0x14 ./Drivers/STM32F3xx_HAL_Driver/Src/stm32f3xx_hal_tim.o
                0x0000000008007adc                HAL_TIM_PeriodElapsedCallback
 .text.HAL_TIM_OC_DelayElapsedCallback
                0x0000000008007af0       0x14 ./Drivers/STM32F3xx_HAL_Driver/Src/stm32f3xx_hal_tim.o
                0x0000000008007af0                HAL_TIM_OC_DelayElapsedCallback
 .text.HAL_TIM_PWM_PulseFinishedCallback
                0x0000000008007b04       0x14 ./Drivers/STM32F3xx_HAL_Driver/Src/stm32f3xx_hal_tim.o
                0x0000000008007b04                HAL_TIM_PWM_PulseFinishedCallback
 .text.HAL_TIM_TriggerCallback
                0x0000000008007b18       0x14 ./Drivers/STM32F3xx_HAL_Driver/Src/stm32f3xx_hal_tim.o
                0x0000000008007b18                HAL_TIM_TriggerCallback
 .text.TIM_Base_SetConfig
                0x0000000008007b2c      0x120 ./Drivers/STM32F3xx_HAL_Driver/Src/stm32f3xx_hal_tim.o
                0x0000000008007b2c                TIM_Base_SetConfig
 .text.TIM_OC1_SetConfig
                0x0000000008007c4c      0x120 ./Drivers/STM32F3xx_HAL_Driver/Src/stm32f3xx_hal_tim.o
 .text.TIM_OC2_SetConfig
                0x0000000008007d6c      0x114 ./Drivers/STM32F3xx_HAL_Driver/Src/stm32f3xx_hal_tim.o
                0x0000000008007d6c                TIM_OC2_SetConfig
 .text.TIM_OC3_SetConfig
                0x0000000008007e80      0x110 ./Drivers/STM32F3xx_HAL_Driver/Src/stm32f3xx_hal_tim.o
 .text.TIM_OC4_SetConfig
                0x0000000008007f90       0xd4 ./Drivers/STM32F3xx_HAL_Driver/Src/stm32f3xx_hal_tim.o
 .text.TIM_OC5_SetConfig
                0x0000000008008064       0xc8 ./Drivers/STM32F3xx_HAL_Driver/Src/stm32f3xx_hal_tim.o
 .text.TIM_OC6_SetConfig
                0x000000000800812c       0xcc ./Drivers/STM32F3xx_HAL_Driver/Src/stm32f3xx_hal_tim.o
 .text.TIM_TI1_SetConfig
                0x00000000080081f8       0xd0 ./Drivers/STM32F3xx_HAL_Driver/Src/stm32f3xx_hal_tim.o
                0x00000000080081f8                TIM_TI1_SetConfig
 .text.TIM_TI1_ConfigInputStage
                0x00000000080082c8       0x5e ./Drivers/STM32F3xx_HAL_Driver/Src/stm32f3xx_hal_tim.o
 .text.TIM_TI2_SetConfig
                0x0000000008008326       0x7a ./Drivers/STM32F3xx_HAL_Driver/Src/stm32f3xx_hal_tim.o
 .text.TIM_TI2_ConfigInputStage
                0x00000000080083a0       0x60 ./Drivers/STM32F3xx_HAL_Driver/Src/stm32f3xx_hal_tim.o
 .text.TIM_TI3_SetConfig
                0x0000000008008400       0x78 ./Drivers/STM32F3xx_HAL_Driver/Src/stm32f3xx_hal_tim.o
 .text.TIM_TI4_SetConfig
                0x0000000008008478       0x7a ./Drivers/STM32F3xx_HAL_Driver/Src/stm32f3xx_hal_tim.o
 .text.TIM_ITRx_SetConfig
                0x00000000080084f2       0x36 ./Drivers/STM32F3xx_HAL_Driver/Src/stm32f3xx_hal_tim.o
 .text.TIM_ETR_SetConfig
                0x0000000008008528       0x40 ./Drivers/STM32F3xx_HAL_Driver/Src/stm32f3xx_hal_tim.o
                0x0000000008008528                TIM_ETR_SetConfig
 .text.TIM_CCxChannelCmd
                0x0000000008008568       0x4a ./Drivers/STM32F3xx_HAL_Driver/Src/stm32f3xx_hal_tim.o
                0x0000000008008568                TIM_CCxChannelCmd
 *fill*         0x00000000080085b2        0x2 
 .text.HAL_TIMEx_MasterConfigSynchronization
                0x00000000080085b4      0x100 ./Drivers/STM32F3xx_HAL_Driver/Src/stm32f3xx_hal_tim_ex.o
                0x00000000080085b4                HAL_TIMEx_MasterConfigSynchronization
 .text.HAL_TIMEx_CommutCallback
                0x00000000080086b4       0x14 ./Drivers/STM32F3xx_HAL_Driver/Src/stm32f3xx_hal_tim_ex.o
                0x00000000080086b4                HAL_TIMEx_CommutCallback
 .text.HAL_TIMEx_BreakCallback
                0x00000000080086c8       0x14 ./Drivers/STM32F3xx_HAL_Driver/Src/stm32f3xx_hal_tim_ex.o
                0x00000000080086c8                HAL_TIMEx_BreakCallback
 .text.HAL_TIMEx_Break2Callback
                0x00000000080086dc       0x14 ./Drivers/STM32F3xx_HAL_Driver/Src/stm32f3xx_hal_tim_ex.o
                0x00000000080086dc                HAL_TIMEx_Break2Callback
 .text.USB_DisableGlobalInt
                0x00000000080086f0       0x36 ./Drivers/STM32F3xx_HAL_Driver/Src/stm32f3xx_ll_usb.o
                0x00000000080086f0                USB_DisableGlobalInt
 .text.USB_DevInit
                0x0000000008008726       0x42 ./Drivers/STM32F3xx_HAL_Driver/Src/stm32f3xx_ll_usb.o
                0x0000000008008726                USB_DevInit
 .text.malloc   0x0000000008008768       0x10 C:/ST/STM32CubeIDE_1.14.1/STM32CubeIDE/plugins/com.st.stm32cube.ide.mcu.externaltools.gnu-tools-for-stm32.11.3.rel1.win32_1.1.100.202309141235/tools/bin/../lib/gcc/arm-none-eabi/11.3.1/../../../../arm-none-eabi/lib/thumb/v7e-m+fp/hard\libc_nano.a(libc_a-malloc.o)
                0x0000000008008768                malloc
 .text.sbrk_aligned
                0x0000000008008778       0x40 C:/ST/STM32CubeIDE_1.14.1/STM32CubeIDE/plugins/com.st.stm32cube.ide.mcu.externaltools.gnu-tools-for-stm32.11.3.rel1.win32_1.1.100.202309141235/tools/bin/../lib/gcc/arm-none-eabi/11.3.1/../../../../arm-none-eabi/lib/thumb/v7e-m+fp/hard\libc_nano.a(libc_a-mallocr.o)
 .text._malloc_r
                0x00000000080087b8      0x100 C:/ST/STM32CubeIDE_1.14.1/STM32CubeIDE/plugins/com.st.stm32cube.ide.mcu.externaltools.gnu-tools-for-stm32.11.3.rel1.win32_1.1.100.202309141235/tools/bin/../lib/gcc/arm-none-eabi/11.3.1/../../../../arm-none-eabi/lib/thumb/v7e-m+fp/hard\libc_nano.a(libc_a-mallocr.o)
                0x00000000080087b8                _malloc_r
 .text.__malloc_lock
                0x00000000080088b8        0xc C:/ST/STM32CubeIDE_1.14.1/STM32CubeIDE/plugins/com.st.stm32cube.ide.mcu.externaltools.gnu-tools-for-stm32.11.3.rel1.win32_1.1.100.202309141235/tools/bin/../lib/gcc/arm-none-eabi/11.3.1/../../../../arm-none-eabi/lib/thumb/v7e-m+fp/hard\libc_nano.a(libc_a-mlock.o)
                0x00000000080088b8                __malloc_lock
 .text.__malloc_unlock
                0x00000000080088c4        0xc C:/ST/STM32CubeIDE_1.14.1/STM32CubeIDE/plugins/com.st.stm32cube.ide.mcu.externaltools.gnu-tools-for-stm32.11.3.rel1.win32_1.1.100.202309141235/tools/bin/../lib/gcc/arm-none-eabi/11.3.1/../../../../arm-none-eabi/lib/thumb/v7e-m+fp/hard\libc_nano.a(libc_a-mlock.o)
                0x00000000080088c4                __malloc_unlock
 .text.sprintf  0x00000000080088d0       0x40 C:/ST/STM32CubeIDE_1.14.1/STM32CubeIDE/plugins/com.st.stm32cube.ide.mcu.externaltools.gnu-tools-for-stm32.11.3.rel1.win32_1.1.100.202309141235/tools/bin/../lib/gcc/arm-none-eabi/11.3.1/../../../../arm-none-eabi/lib/thumb/v7e-m+fp/hard\libc_nano.a(libc_a-sprintf.o)
                0x00000000080088d0                siprintf
                0x00000000080088d0                sprintf
 .text.memset   0x0000000008008910       0x10 C:/ST/STM32CubeIDE_1.14.1/STM32CubeIDE/plugins/com.st.stm32cube.ide.mcu.externaltools.gnu-tools-for-stm32.11.3.rel1.win32_1.1.100.202309141235/tools/bin/../lib/gcc/arm-none-eabi/11.3.1/../../../../arm-none-eabi/lib/thumb/v7e-m+fp/hard\libc_nano.a(libc_a-memset.o)
                0x0000000008008910                memset
 .text.strncmp  0x0000000008008920       0x24 C:/ST/STM32CubeIDE_1.14.1/STM32CubeIDE/plugins/com.st.stm32cube.ide.mcu.externaltools.gnu-tools-for-stm32.11.3.rel1.win32_1.1.100.202309141235/tools/bin/../lib/gcc/arm-none-eabi/11.3.1/../../../../arm-none-eabi/lib/thumb/v7e-m+fp/hard\libc_nano.a(libc_a-strncmp.o)
                0x0000000008008920                strncmp
 .text._sbrk_r  0x0000000008008944       0x20 C:/ST/STM32CubeIDE_1.14.1/STM32CubeIDE/plugins/com.st.stm32cube.ide.mcu.externaltools.gnu-tools-for-stm32.11.3.rel1.win32_1.1.100.202309141235/tools/bin/../lib/gcc/arm-none-eabi/11.3.1/../../../../arm-none-eabi/lib/thumb/v7e-m+fp/hard\libc_nano.a(libc_a-sbrkr.o)
                0x0000000008008944                _sbrk_r
 .text.__errno  0x0000000008008964        0xc C:/ST/STM32CubeIDE_1.14.1/STM32CubeIDE/plugins/com.st.stm32cube.ide.mcu.externaltools.gnu-tools-for-stm32.11.3.rel1.win32_1.1.100.202309141235/tools/bin/../lib/gcc/arm-none-eabi/11.3.1/../../../../arm-none-eabi/lib/thumb/v7e-m+fp/hard\libc_nano.a(libc_a-errno.o)
                0x0000000008008964                __errno
 .text.__libc_init_array
                0x0000000008008970       0x48 C:/ST/STM32CubeIDE_1.14.1/STM32CubeIDE/plugins/com.st.stm32cube.ide.mcu.externaltools.gnu-tools-for-stm32.11.3.rel1.win32_1.1.100.202309141235/tools/bin/../lib/gcc/arm-none-eabi/11.3.1/../../../../arm-none-eabi/lib/thumb/v7e-m+fp/hard\libc_nano.a(libc_a-init.o)
                0x0000000008008970                __libc_init_array
 .text.__retarget_lock_acquire_recursive
                0x00000000080089b8        0x2 C:/ST/STM32CubeIDE_1.14.1/STM32CubeIDE/plugins/com.st.stm32cube.ide.mcu.externaltools.gnu-tools-for-stm32.11.3.rel1.win32_1.1.100.202309141235/tools/bin/../lib/gcc/arm-none-eabi/11.3.1/../../../../arm-none-eabi/lib/thumb/v7e-m+fp/hard\libc_nano.a(libc_a-lock.o)
                0x00000000080089b8                __retarget_lock_acquire_recursive
 .text.__retarget_lock_release_recursive
                0x00000000080089ba        0x2 C:/ST/STM32CubeIDE_1.14.1/STM32CubeIDE/plugins/com.st.stm32cube.ide.mcu.externaltools.gnu-tools-for-stm32.11.3.rel1.win32_1.1.100.202309141235/tools/bin/../lib/gcc/arm-none-eabi/11.3.1/../../../../arm-none-eabi/lib/thumb/v7e-m+fp/hard\libc_nano.a(libc_a-lock.o)
                0x00000000080089ba                __retarget_lock_release_recursive
 .text._free_r  0x00000000080089bc       0x98 C:/ST/STM32CubeIDE_1.14.1/STM32CubeIDE/plugins/com.st.stm32cube.ide.mcu.externaltools.gnu-tools-for-stm32.11.3.rel1.win32_1.1.100.202309141235/tools/bin/../lib/gcc/arm-none-eabi/11.3.1/../../../../arm-none-eabi/lib/thumb/v7e-m+fp/hard\libc_nano.a(libc_a-freer.o)
                0x00000000080089bc                _free_r
 .text.__ssputs_r
                0x0000000008008a54       0xb4 C:/ST/STM32CubeIDE_1.14.1/STM32CubeIDE/plugins/com.st.stm32cube.ide.mcu.externaltools.gnu-tools-for-stm32.11.3.rel1.win32_1.1.100.202309141235/tools/bin/../lib/gcc/arm-none-eabi/11.3.1/../../../../arm-none-eabi/lib/thumb/v7e-m+fp/hard\libc_nano.a(libc_a-nano-svfprintf.o)
                0x0000000008008a54                __ssputs_r
 .text._svfprintf_r
                0x0000000008008b08      0x1fc C:/ST/STM32CubeIDE_1.14.1/STM32CubeIDE/plugins/com.st.stm32cube.ide.mcu.externaltools.gnu-tools-for-stm32.11.3.rel1.win32_1.1.100.202309141235/tools/bin/../lib/gcc/arm-none-eabi/11.3.1/../../../../arm-none-eabi/lib/thumb/v7e-m+fp/hard\libc_nano.a(libc_a-nano-svfprintf.o)
                0x0000000008008b08                _svfiprintf_r
                0x0000000008008b08                _svfprintf_r
 .text._printf_common
                0x0000000008008d04       0xda C:/ST/STM32CubeIDE_1.14.1/STM32CubeIDE/plugins/com.st.stm32cube.ide.mcu.externaltools.gnu-tools-for-stm32.11.3.rel1.win32_1.1.100.202309141235/tools/bin/../lib/gcc/arm-none-eabi/11.3.1/../../../../arm-none-eabi/lib/thumb/v7e-m+fp/hard\libc_nano.a(libc_a-nano-vfprintf_i.o)
                0x0000000008008d04                _printf_common
 *fill*         0x0000000008008dde        0x2 
 .text._printf_i
                0x0000000008008de0      0x244 C:/ST/STM32CubeIDE_1.14.1/STM32CubeIDE/plugins/com.st.stm32cube.ide.mcu.externaltools.gnu-tools-for-stm32.11.3.rel1.win32_1.1.100.202309141235/tools/bin/../lib/gcc/arm-none-eabi/11.3.1/../../../../arm-none-eabi/lib/thumb/v7e-m+fp/hard\libc_nano.a(libc_a-nano-vfprintf_i.o)
                0x0000000008008de0                _printf_i
 .text.memmove  0x0000000008009024       0x34 C:/ST/STM32CubeIDE_1.14.1/STM32CubeIDE/plugins/com.st.stm32cube.ide.mcu.externaltools.gnu-tools-for-stm32.11.3.rel1.win32_1.1.100.202309141235/tools/bin/../lib/gcc/arm-none-eabi/11.3.1/../../../../arm-none-eabi/lib/thumb/v7e-m+fp/hard\libc_nano.a(libc_a-memmove.o)
                0x0000000008009024                memmove
 .text.memcpy   0x0000000008009058       0x1c C:/ST/STM32CubeIDE_1.14.1/STM32CubeIDE/plugins/com.st.stm32cube.ide.mcu.externaltools.gnu-tools-for-stm32.11.3.rel1.win32_1.1.100.202309141235/tools/bin/../lib/gcc/arm-none-eabi/11.3.1/../../../../arm-none-eabi/lib/thumb/v7e-m+fp/hard\libc_nano.a(libc_a-memcpy-stub.o)
                0x0000000008009058                memcpy
 .text._realloc_r
                0x0000000008009074       0x5e C:/ST/STM32CubeIDE_1.14.1/STM32CubeIDE/plugins/com.st.stm32cube.ide.mcu.externaltools.gnu-tools-for-stm32.11.3.rel1.win32_1.1.100.202309141235/tools/bin/../lib/gcc/arm-none-eabi/11.3.1/../../../../arm-none-eabi/lib/thumb/v7e-m+fp/hard\libc_nano.a(libc_a-reallocr.o)
                0x0000000008009074                _realloc_r
 .text._malloc_usable_size_r
                0x00000000080090d2       0x10 C:/ST/STM32CubeIDE_1.14.1/STM32CubeIDE/plugins/com.st.stm32cube.ide.mcu.externaltools.gnu-tools-for-stm32.11.3.rel1.win32_1.1.100.202309141235/tools/bin/../lib/gcc/arm-none-eabi/11.3.1/../../../../arm-none-eabi/lib/thumb/v7e-m+fp/hard\libc_nano.a(libc_a-msizer.o)
                0x00000000080090d2                _malloc_usable_size_r
 *fill*         0x00000000080090e2        0x6 
 .text.sin      0x00000000080090e8       0xb0 C:/ST/STM32CubeIDE_1.14.1/STM32CubeIDE/plugins/com.st.stm32cube.ide.mcu.externaltools.gnu-tools-for-stm32.11.3.rel1.win32_1.1.100.202309141235/tools/bin/../lib/gcc/arm-none-eabi/11.3.1/../../../../arm-none-eabi/lib/thumb/v7e-m+fp/hard\libm.a(libm_a-s_sin.o)
                0x00000000080090e8                sin
 .text.__kernel_cos
                0x0000000008009198      0x18c C:/ST/STM32CubeIDE_1.14.1/STM32CubeIDE/plugins/com.st.stm32cube.ide.mcu.externaltools.gnu-tools-for-stm32.11.3.rel1.win32_1.1.100.202309141235/tools/bin/../lib/gcc/arm-none-eabi/11.3.1/../../../../arm-none-eabi/lib/thumb/v7e-m+fp/hard\libm.a(libm_a-k_cos.o)
                0x0000000008009198                __kernel_cos
 *fill*         0x0000000008009324        0x4 
 .text.__kernel_sin
                0x0000000008009328      0x17c C:/ST/STM32CubeIDE_1.14.1/STM32CubeIDE/plugins/com.st.stm32cube.ide.mcu.externaltools.gnu-tools-for-stm32.11.3.rel1.win32_1.1.100.202309141235/tools/bin/../lib/gcc/arm-none-eabi/11.3.1/../../../../arm-none-eabi/lib/thumb/v7e-m+fp/hard\libm.a(libm_a-k_sin.o)
                0x0000000008009328                __kernel_sin
 *fill*         0x00000000080094a4        0x4 
 .text.__ieee754_rem_pio2
                0x00000000080094a8      0x40c C:/ST/STM32CubeIDE_1.14.1/STM32CubeIDE/plugins/com.st.stm32cube.ide.mcu.externaltools.gnu-tools-for-stm32.11.3.rel1.win32_1.1.100.202309141235/tools/bin/../lib/gcc/arm-none-eabi/11.3.1/../../../../arm-none-eabi/lib/thumb/v7e-m+fp/hard\libm.a(libm_a-e_rem_pio2.o)
                0x00000000080094a8                __ieee754_rem_pio2
 .text.fabs     0x00000000080098b4       0x12 C:/ST/STM32CubeIDE_1.14.1/STM32CubeIDE/plugins/com.st.stm32cube.ide.mcu.externaltools.gnu-tools-for-stm32.11.3.rel1.win32_1.1.100.202309141235/tools/bin/../lib/gcc/arm-none-eabi/11.3.1/../../../../arm-none-eabi/lib/thumb/v7e-m+fp/hard\libm.a(libm_a-s_fabs.o)
                0x00000000080098b4                fabs
 *fill*         0x00000000080098c6        0x2 
 .text.__kernel_rem_pio2
                0x00000000080098c8      0x69c C:/ST/STM32CubeIDE_1.14.1/STM32CubeIDE/plugins/com.st.stm32cube.ide.mcu.externaltools.gnu-tools-for-stm32.11.3.rel1.win32_1.1.100.202309141235/tools/bin/../lib/gcc/arm-none-eabi/11.3.1/../../../../arm-none-eabi/lib/thumb/v7e-m+fp/hard\libm.a(libm_a-k_rem_pio2.o)
                0x00000000080098c8                __kernel_rem_pio2
 *fill*         0x0000000008009f64        0x4 
 .text.scalbn   0x0000000008009f68       0xfc C:/ST/STM32CubeIDE_1.14.1/STM32CubeIDE/plugins/com.st.stm32cube.ide.mcu.externaltools.gnu-tools-for-stm32.11.3.rel1.win32_1.1.100.202309141235/tools/bin/../lib/gcc/arm-none-eabi/11.3.1/../../../../arm-none-eabi/lib/thumb/v7e-m+fp/hard\libm.a(libm_a-s_scalbn.o)
                0x0000000008009f68                scalbn
 *fill*         0x000000000800a064        0x4 
 .text.floor    0x000000000800a068      0x100 C:/ST/STM32CubeIDE_1.14.1/STM32CubeIDE/plugins/com.st.stm32cube.ide.mcu.externaltools.gnu-tools-for-stm32.11.3.rel1.win32_1.1.100.202309141235/tools/bin/../lib/gcc/arm-none-eabi/11.3.1/../../../../arm-none-eabi/lib/thumb/v7e-m+fp/hard\libm.a(libm_a-s_floor.o)
                0x000000000800a068                floor
 *(.glue_7)
 .glue_7        0x000000000800a168        0x0 linker stubs
 *(.glue_7t)
 .glue_7t       0x000000000800a168        0x0 linker stubs
 *(.eh_frame)
 .eh_frame      0x000000000800a168        0x0 C:/ST/STM32CubeIDE_1.14.1/STM32CubeIDE/plugins/com.st.stm32cube.ide.mcu.externaltools.gnu-tools-for-stm32.11.3.rel1.win32_1.1.100.202309141235/tools/bin/../lib/gcc/arm-none-eabi/11.3.1/thumb/v7e-m+fp/hard/crtbegin.o
 *(.init)
 .init          0x000000000800a168        0x4 C:/ST/STM32CubeIDE_1.14.1/STM32CubeIDE/plugins/com.st.stm32cube.ide.mcu.externaltools.gnu-tools-for-stm32.11.3.rel1.win32_1.1.100.202309141235/tools/bin/../lib/gcc/arm-none-eabi/11.3.1/thumb/v7e-m+fp/hard/crti.o
                0x000000000800a168                _init
 .init          0x000000000800a16c        0x8 C:/ST/STM32CubeIDE_1.14.1/STM32CubeIDE/plugins/com.st.stm32cube.ide.mcu.externaltools.gnu-tools-for-stm32.11.3.rel1.win32_1.1.100.202309141235/tools/bin/../lib/gcc/arm-none-eabi/11.3.1/thumb/v7e-m+fp/hard/crtn.o
 *(.fini)
 .fini          0x000000000800a174        0x4 C:/ST/STM32CubeIDE_1.14.1/STM32CubeIDE/plugins/com.st.stm32cube.ide.mcu.externaltools.gnu-tools-for-stm32.11.3.rel1.win32_1.1.100.202309141235/tools/bin/../lib/gcc/arm-none-eabi/11.3.1/thumb/v7e-m+fp/hard/crti.o
                0x000000000800a174                _fini
 .fini          0x000000000800a178        0x8 C:/ST/STM32CubeIDE_1.14.1/STM32CubeIDE/plugins/com.st.stm32cube.ide.mcu.externaltools.gnu-tools-for-stm32.11.3.rel1.win32_1.1.100.202309141235/tools/bin/../lib/gcc/arm-none-eabi/11.3.1/thumb/v7e-m+fp/hard/crtn.o
                0x000000000800a180                . = ALIGN (0x4)
                0x000000000800a180                _etext = .

.vfp11_veneer   0x000000000800a180        0x0
 .vfp11_veneer  0x000000000800a180        0x0 linker stubs

.v4_bx          0x000000000800a180        0x0
 .v4_bx         0x000000000800a180        0x0 linker stubs

.iplt           0x000000000800a180        0x0
 .iplt          0x000000000800a180        0x0 C:/ST/STM32CubeIDE_1.14.1/STM32CubeIDE/plugins/com.st.stm32cube.ide.mcu.externaltools.gnu-tools-for-stm32.11.3.rel1.win32_1.1.100.202309141235/tools/bin/../lib/gcc/arm-none-eabi/11.3.1/thumb/v7e-m+fp/hard/crtbegin.o

.rodata         0x000000000800a180      0x2b0
                0x000000000800a180                . = ALIGN (0x4)
 *(.rodata)
 .rodata        0x000000000800a180        0x5 ./Core/Src/LaptopInterface.o
 *fill*         0x000000000800a185        0x3 
 .rodata        0x000000000800a188       0x66 ./Core/Src/lidar_sweep.o
 *(.rodata*)
 *fill*         0x000000000800a1ee        0x2 
 .rodata.AHBPrescTable
                0x000000000800a1f0       0x10 ./Core/Src/system_stm32f3xx.o
                0x000000000800a1f0                AHBPrescTable
 .rodata.aPLLMULFactorTable
                0x000000000800a200       0x10 ./Drivers/STM32F3xx_HAL_Driver/Src/stm32f3xx_hal_rcc.o
 .rodata.aPredivFactorTable
                0x000000000800a210       0x10 ./Drivers/STM32F3xx_HAL_Driver/Src/stm32f3xx_hal_rcc.o
 .rodata._svfprintf_r.str1.1
                0x000000000800a220       0x11 C:/ST/STM32CubeIDE_1.14.1/STM32CubeIDE/plugins/com.st.stm32cube.ide.mcu.externaltools.gnu-tools-for-stm32.11.3.rel1.win32_1.1.100.202309141235/tools/bin/../lib/gcc/arm-none-eabi/11.3.1/../../../../arm-none-eabi/lib/thumb/v7e-m+fp/hard\libc_nano.a(libc_a-nano-svfprintf.o)
 .rodata._printf_i.str1.1
                0x000000000800a231       0x22 C:/ST/STM32CubeIDE_1.14.1/STM32CubeIDE/plugins/com.st.stm32cube.ide.mcu.externaltools.gnu-tools-for-stm32.11.3.rel1.win32_1.1.100.202309141235/tools/bin/../lib/gcc/arm-none-eabi/11.3.1/../../../../arm-none-eabi/lib/thumb/v7e-m+fp/hard\libc_nano.a(libc_a-nano-vfprintf_i.o)
 *fill*         0x000000000800a253        0x1 
 .rodata.npio2_hw
                0x000000000800a254       0x80 C:/ST/STM32CubeIDE_1.14.1/STM32CubeIDE/plugins/com.st.stm32cube.ide.mcu.externaltools.gnu-tools-for-stm32.11.3.rel1.win32_1.1.100.202309141235/tools/bin/../lib/gcc/arm-none-eabi/11.3.1/../../../../arm-none-eabi/lib/thumb/v7e-m+fp/hard\libm.a(libm_a-e_rem_pio2.o)
 .rodata.two_over_pi
                0x000000000800a2d4      0x108 C:/ST/STM32CubeIDE_1.14.1/STM32CubeIDE/plugins/com.st.stm32cube.ide.mcu.externaltools.gnu-tools-for-stm32.11.3.rel1.win32_1.1.100.202309141235/tools/bin/../lib/gcc/arm-none-eabi/11.3.1/../../../../arm-none-eabi/lib/thumb/v7e-m+fp/hard\libm.a(libm_a-e_rem_pio2.o)
 *fill*         0x000000000800a3dc        0x4 
 .rodata.PIo2   0x000000000800a3e0       0x40 C:/ST/STM32CubeIDE_1.14.1/STM32CubeIDE/plugins/com.st.stm32cube.ide.mcu.externaltools.gnu-tools-for-stm32.11.3.rel1.win32_1.1.100.202309141235/tools/bin/../lib/gcc/arm-none-eabi/11.3.1/../../../../arm-none-eabi/lib/thumb/v7e-m+fp/hard\libm.a(libm_a-k_rem_pio2.o)
 .rodata.init_jk
                0x000000000800a420       0x10 C:/ST/STM32CubeIDE_1.14.1/STM32CubeIDE/plugins/com.st.stm32cube.ide.mcu.externaltools.gnu-tools-for-stm32.11.3.rel1.win32_1.1.100.202309141235/tools/bin/../lib/gcc/arm-none-eabi/11.3.1/../../../../arm-none-eabi/lib/thumb/v7e-m+fp/hard\libm.a(libm_a-k_rem_pio2.o)
                0x000000000800a430                . = ALIGN (0x4)

.rel.dyn        0x000000000800a430        0x0
 .rel.iplt      0x000000000800a430        0x0 C:/ST/STM32CubeIDE_1.14.1/STM32CubeIDE/plugins/com.st.stm32cube.ide.mcu.externaltools.gnu-tools-for-stm32.11.3.rel1.win32_1.1.100.202309141235/tools/bin/../lib/gcc/arm-none-eabi/11.3.1/thumb/v7e-m+fp/hard/crtbegin.o

.ARM.extab      0x000000000800a430        0x0
                0x000000000800a430                . = ALIGN (0x4)
 *(.ARM.extab* .gnu.linkonce.armextab.*)
                0x000000000800a430                . = ALIGN (0x4)

.ARM            0x000000000800a430        0x0
                0x000000000800a430                . = ALIGN (0x4)
                0x000000000800a430                __exidx_start = .
 *(.ARM.exidx*)
                0x000000000800a430                __exidx_end = .
                0x000000000800a430                . = ALIGN (0x4)

.preinit_array  0x000000000800a430        0x0
                0x000000000800a430                . = ALIGN (0x4)
                0x000000000800a430                PROVIDE (__preinit_array_start = .)
 *(.preinit_array*)
                0x000000000800a430                PROVIDE (__preinit_array_end = .)
                0x000000000800a430                . = ALIGN (0x4)

.init_array     0x000000000800a430        0x4
                0x000000000800a430                . = ALIGN (0x4)
                0x000000000800a430                PROVIDE (__init_array_start = .)
 *(SORT_BY_NAME(.init_array.*))
 *(.init_array*)
 .init_array    0x000000000800a430        0x4 C:/ST/STM32CubeIDE_1.14.1/STM32CubeIDE/plugins/com.st.stm32cube.ide.mcu.externaltools.gnu-tools-for-stm32.11.3.rel1.win32_1.1.100.202309141235/tools/bin/../lib/gcc/arm-none-eabi/11.3.1/thumb/v7e-m+fp/hard/crtbegin.o
                0x000000000800a434                PROVIDE (__init_array_end = .)
                0x000000000800a434                . = ALIGN (0x4)

.fini_array     0x000000000800a434        0x4
                0x000000000800a434                . = ALIGN (0x4)
                [!provide]                        PROVIDE (__fini_array_start = .)
 *(SORT_BY_NAME(.fini_array.*))
 *(.fini_array*)
 .fini_array    0x000000000800a434        0x4 C:/ST/STM32CubeIDE_1.14.1/STM32CubeIDE/plugins/com.st.stm32cube.ide.mcu.externaltools.gnu-tools-for-stm32.11.3.rel1.win32_1.1.100.202309141235/tools/bin/../lib/gcc/arm-none-eabi/11.3.1/thumb/v7e-m+fp/hard/crtbegin.o
                [!provide]                        PROVIDE (__fini_array_end = .)
                0x000000000800a438                . = ALIGN (0x4)
                0x000000000800a438                _sidata = LOADADDR (.data)

.data           0x0000000020000000       0xd8 load address 0x000000000800a438
                0x0000000020000000                . = ALIGN (0x4)
                0x0000000020000000                _sdata = .
 *(.data)
 *(.data*)
 .data.green    0x0000000020000000        0x6 ./Core/Src/LaptopInterface.o
                0x0000000020000000                green
 *fill*         0x0000000020000006        0x2 
 .data.red      0x0000000020000008        0x4 ./Core/Src/LaptopInterface.o
                0x0000000020000008                red
 .data.USART1_PORT
                0x000000002000000c       0x40 ./Core/Src/serial.o
                0x000000002000000c                USART1_PORT
 .data.SystemCoreClock
                0x000000002000004c        0x4 ./Core/Src/system_stm32f3xx.o
                0x000000002000004c                SystemCoreClock
 .data.DelayTIM3
                0x0000000020000050       0x18 ./Core/Src/timer.o
                0x0000000020000050                DelayTIM3
 .data.DelayTIM4
                0x0000000020000068       0x18 ./Core/Src/timer.o
                0x0000000020000068                DelayTIM4
 .data.uwTickPrio
                0x0000000020000080        0x4 ./Drivers/STM32F3xx_HAL_Driver/Src/stm32f3xx_hal.o
                0x0000000020000080                uwTickPrio
 .data.uwTickFreq
                0x0000000020000084        0x1 ./Drivers/STM32F3xx_HAL_Driver/Src/stm32f3xx_hal.o
                0x0000000020000084                uwTickFreq
 *fill*         0x0000000020000085        0x3 
 .data._impure_data
                0x0000000020000088       0x4c C:/ST/STM32CubeIDE_1.14.1/STM32CubeIDE/plugins/com.st.stm32cube.ide.mcu.externaltools.gnu-tools-for-stm32.11.3.rel1.win32_1.1.100.202309141235/tools/bin/../lib/gcc/arm-none-eabi/11.3.1/../../../../arm-none-eabi/lib/thumb/v7e-m+fp/hard\libc_nano.a(libc_a-impure.o)
                0x0000000020000088                _impure_data
 .data._impure_ptr
                0x00000000200000d4        0x4 C:/ST/STM32CubeIDE_1.14.1/STM32CubeIDE/plugins/com.st.stm32cube.ide.mcu.externaltools.gnu-tools-for-stm32.11.3.rel1.win32_1.1.100.202309141235/tools/bin/../lib/gcc/arm-none-eabi/11.3.1/../../../../arm-none-eabi/lib/thumb/v7e-m+fp/hard\libc_nano.a(libc_a-impure.o)
                0x00000000200000d4                _impure_ptr
 *(.RamFunc)
 *(.RamFunc*)
                0x00000000200000d8                . = ALIGN (0x4)
                0x00000000200000d8                _edata = .
                0x000000000800a510                _siccmram = LOADADDR (.ccmram)

.igot.plt       0x00000000200000d8        0x0 load address 0x000000000800a510
 .igot.plt      0x00000000200000d8        0x0 C:/ST/STM32CubeIDE_1.14.1/STM32CubeIDE/plugins/com.st.stm32cube.ide.mcu.externaltools.gnu-tools-for-stm32.11.3.rel1.win32_1.1.100.202309141235/tools/bin/../lib/gcc/arm-none-eabi/11.3.1/thumb/v7e-m+fp/hard/crtbegin.o

.ccmram         0x0000000010000000        0x0 load address 0x000000000800a510
                0x0000000010000000                . = ALIGN (0x4)
                0x0000000010000000                _sccmram = .
 *(.ccmram)
 *(.ccmram*)
                0x0000000010000000                . = ALIGN (0x4)
                0x0000000010000000                _eccmram = .
                0x0000000010000000                . = ALIGN (0x4)

.bss            0x00000000200000d8      0x854
                0x00000000200000d8                _sbss = .
                0x00000000200000d8                __bss_start__ = _sbss
 *(.bss)
 .bss           0x00000000200000d8       0x1c C:/ST/STM32CubeIDE_1.14.1/STM32CubeIDE/plugins/com.st.stm32cube.ide.mcu.externaltools.gnu-tools-for-stm32.11.3.rel1.win32_1.1.100.202309141235/tools/bin/../lib/gcc/arm-none-eabi/11.3.1/thumb/v7e-m+fp/hard/crtbegin.o
 *(.bss*)
 .bss.stopGame  0x00000000200000f4        0x4 ./Core/Src/LaptopInterface.o
                0x00000000200000f4                stopGame
 .bss.on_button_press
                0x00000000200000f8        0x4 ./Core/Src/buttonhandler.o
 .bss.val       0x00000000200000fc        0x4 ./Core/Src/buzzer.o
                0x00000000200000fc                val
 .bss.sine_val  0x0000000020000100      0x190 ./Core/Src/buzzer.o
                0x0000000020000100                sine_val
 .bss.pan       0x0000000020000290        0x8 ./Core/Src/lidar_sweep.o
                0x0000000020000290                pan
 .bss.tilt      0x0000000020000298        0x8 ./Core/Src/lidar_sweep.o
                0x0000000020000298                tilt
 .bss.last_capture
                0x00000000200002a0        0x2 ./Core/Src/lidar_sweep.o
                0x00000000200002a0                last_capture
 .bss.diff      0x00000000200002a2        0x2 ./Core/Src/lidar_sweep.o
                0x00000000200002a2                diff
 .bss.rise_time
                0x00000000200002a4        0x2 ./Core/Src/lidar_sweep.o
                0x00000000200002a4                rise_time
 .bss.last_period
                0x00000000200002a6        0x2 ./Core/Src/lidar_sweep.o
                0x00000000200002a6                last_period
 .bss.hadc1     0x00000000200002a8       0x50 ./Core/Src/main.o
                0x00000000200002a8                hadc1
 .bss.hdac      0x00000000200002f8       0x14 ./Core/Src/main.o
                0x00000000200002f8                hdac
 .bss.hdma_dac_ch1
                0x000000002000030c       0x44 ./Core/Src/main.o
                0x000000002000030c                hdma_dac_ch1
 .bss.hi2c1     0x0000000020000350       0x54 ./Core/Src/main.o
                0x0000000020000350                hi2c1
 .bss.hspi1     0x00000000200003a4       0x64 ./Core/Src/main.o
                0x00000000200003a4                hspi1
 .bss.htim1     0x0000000020000408       0x4c ./Core/Src/main.o
                0x0000000020000408                htim1
 .bss.htim2     0x0000000020000454       0x4c ./Core/Src/main.o
                0x0000000020000454                htim2
 .bss.htim3     0x00000000200004a0       0x4c ./Core/Src/main.o
                0x00000000200004a0                htim3
 .bss.hpcd_USB_FS
                0x00000000200004ec      0x2ec ./Core/Src/main.o
                0x00000000200004ec                hpcd_USB_FS
 .bss.status    0x00000000200007d8        0x1 ./Core/Src/sweep_flag.o
                0x00000000200007d8                status
 *fill*         0x00000000200007d9        0x3 
 .bss.__sbrk_heap_end
                0x00000000200007dc        0x4 ./Core/Src/sysmem.o
 .bss.uwTick    0x00000000200007e0        0x4 ./Drivers/STM32F3xx_HAL_Driver/Src/stm32f3xx_hal.o
                0x00000000200007e0                uwTick
 .bss.__malloc_free_list
                0x00000000200007e4        0x4 C:/ST/STM32CubeIDE_1.14.1/STM32CubeIDE/plugins/com.st.stm32cube.ide.mcu.externaltools.gnu-tools-for-stm32.11.3.rel1.win32_1.1.100.202309141235/tools/bin/../lib/gcc/arm-none-eabi/11.3.1/../../../../arm-none-eabi/lib/thumb/v7e-m+fp/hard\libc_nano.a(libc_a-mallocr.o)
                0x00000000200007e4                __malloc_free_list
 .bss.__malloc_sbrk_start
                0x00000000200007e8        0x4 C:/ST/STM32CubeIDE_1.14.1/STM32CubeIDE/plugins/com.st.stm32cube.ide.mcu.externaltools.gnu-tools-for-stm32.11.3.rel1.win32_1.1.100.202309141235/tools/bin/../lib/gcc/arm-none-eabi/11.3.1/../../../../arm-none-eabi/lib/thumb/v7e-m+fp/hard\libc_nano.a(libc_a-mallocr.o)
                0x00000000200007e8                __malloc_sbrk_start
 .bss.__sf      0x00000000200007ec      0x138 C:/ST/STM32CubeIDE_1.14.1/STM32CubeIDE/plugins/com.st.stm32cube.ide.mcu.externaltools.gnu-tools-for-stm32.11.3.rel1.win32_1.1.100.202309141235/tools/bin/../lib/gcc/arm-none-eabi/11.3.1/../../../../arm-none-eabi/lib/thumb/v7e-m+fp/hard\libc_nano.a(libc_a-findfp.o)
                0x00000000200007ec                __sf
 .bss.errno     0x0000000020000924        0x4 C:/ST/STM32CubeIDE_1.14.1/STM32CubeIDE/plugins/com.st.stm32cube.ide.mcu.externaltools.gnu-tools-for-stm32.11.3.rel1.win32_1.1.100.202309141235/tools/bin/../lib/gcc/arm-none-eabi/11.3.1/../../../../arm-none-eabi/lib/thumb/v7e-m+fp/hard\libc_nano.a(libc_a-reent.o)
                0x0000000020000924                errno
 .bss.__lock___malloc_recursive_mutex
                0x0000000020000928        0x1 C:/ST/STM32CubeIDE_1.14.1/STM32CubeIDE/plugins/com.st.stm32cube.ide.mcu.externaltools.gnu-tools-for-stm32.11.3.rel1.win32_1.1.100.202309141235/tools/bin/../lib/gcc/arm-none-eabi/11.3.1/../../../../arm-none-eabi/lib/thumb/v7e-m+fp/hard\libc_nano.a(libc_a-lock.o)
                0x0000000020000928                __lock___malloc_recursive_mutex
 *(COMMON)
                0x000000002000092c                . = ALIGN (0x4)
 *fill*         0x0000000020000929        0x3 
                0x000000002000092c                _ebss = .
                0x000000002000092c                __bss_end__ = _ebss

._user_heap_stack
                0x000000002000092c      0x604
                0x0000000020000930                . = ALIGN (0x8)
 *fill*         0x000000002000092c        0x4 
                [!provide]                        PROVIDE (end = .)
                0x0000000020000930                PROVIDE (_end = .)
                0x0000000020000b30                . = (. + _Min_Heap_Size)
 *fill*         0x0000000020000930      0x200 
                0x0000000020000f30                . = (. + _Min_Stack_Size)
 *fill*         0x0000000020000b30      0x400 
                0x0000000020000f30                . = ALIGN (0x8)

/DISCARD/
 libc.a(*)
 libm.a(*)
 libgcc.a(*)

.ARM.attributes
                0x0000000000000000       0x30
 *(.ARM.attributes)
 .ARM.attributes
                0x0000000000000000       0x1e C:/ST/STM32CubeIDE_1.14.1/STM32CubeIDE/plugins/com.st.stm32cube.ide.mcu.externaltools.gnu-tools-for-stm32.11.3.rel1.win32_1.1.100.202309141235/tools/bin/../lib/gcc/arm-none-eabi/11.3.1/thumb/v7e-m+fp/hard/crti.o
 .ARM.attributes
                0x000000000000001e       0x34 C:/ST/STM32CubeIDE_1.14.1/STM32CubeIDE/plugins/com.st.stm32cube.ide.mcu.externaltools.gnu-tools-for-stm32.11.3.rel1.win32_1.1.100.202309141235/tools/bin/../lib/gcc/arm-none-eabi/11.3.1/thumb/v7e-m+fp/hard/crtbegin.o
 .ARM.attributes
                0x0000000000000052       0x34 ./Core/Src/LaptopInterface.o
 .ARM.attributes
                0x0000000000000086       0x34 ./Core/Src/buttonhandler.o
 .ARM.attributes
                0x00000000000000ba       0x34 ./Core/Src/buzzer.o
 .ARM.attributes
                0x00000000000000ee       0x34 ./Core/Src/lidar_sweep.o
 .ARM.attributes
                0x0000000000000122       0x34 ./Core/Src/main.o
 .ARM.attributes
                0x0000000000000156       0x34 ./Core/Src/pot.o
 .ARM.attributes
                0x000000000000018a       0x34 ./Core/Src/ptu_i2c.o
 .ARM.attributes
                0x00000000000001be       0x34 ./Core/Src/serial.o
 .ARM.attributes
                0x00000000000001f2       0x34 ./Core/Src/stm32f3xx_hal_msp.o
 .ARM.attributes
                0x0000000000000226       0x34 ./Core/Src/stm32f3xx_it.o
 .ARM.attributes
                0x000000000000025a       0x34 ./Core/Src/sweep_flag.o
 .ARM.attributes
                0x000000000000028e       0x34 ./Core/Src/sysmem.o
 .ARM.attributes
                0x00000000000002c2       0x34 ./Core/Src/system_stm32f3xx.o
 .ARM.attributes
                0x00000000000002f6       0x34 ./Core/Src/timer.o
 .ARM.attributes
                0x000000000000032a       0x21 ./Core/Startup/startup_stm32f303vctx.o
 .ARM.attributes
                0x000000000000034b       0x34 ./Drivers/STM32F3xx_HAL_Driver/Src/stm32f3xx_hal.o
 .ARM.attributes
                0x000000000000037f       0x34 ./Drivers/STM32F3xx_HAL_Driver/Src/stm32f3xx_hal_adc_ex.o
 .ARM.attributes
                0x00000000000003b3       0x34 ./Drivers/STM32F3xx_HAL_Driver/Src/stm32f3xx_hal_cortex.o
 .ARM.attributes
                0x00000000000003e7       0x34 ./Drivers/STM32F3xx_HAL_Driver/Src/stm32f3xx_hal_dac.o
 .ARM.attributes
                0x000000000000041b       0x34 ./Drivers/STM32F3xx_HAL_Driver/Src/stm32f3xx_hal_dac_ex.o
 .ARM.attributes
                0x000000000000044f       0x34 ./Drivers/STM32F3xx_HAL_Driver/Src/stm32f3xx_hal_dma.o
 .ARM.attributes
                0x0000000000000483       0x34 ./Drivers/STM32F3xx_HAL_Driver/Src/stm32f3xx_hal_gpio.o
 .ARM.attributes
                0x00000000000004b7       0x34 ./Drivers/STM32F3xx_HAL_Driver/Src/stm32f3xx_hal_i2c.o
 .ARM.attributes
                0x00000000000004eb       0x34 ./Drivers/STM32F3xx_HAL_Driver/Src/stm32f3xx_hal_i2c_ex.o
 .ARM.attributes
                0x000000000000051f       0x34 ./Drivers/STM32F3xx_HAL_Driver/Src/stm32f3xx_hal_pcd.o
 .ARM.attributes
                0x0000000000000553       0x34 ./Drivers/STM32F3xx_HAL_Driver/Src/stm32f3xx_hal_rcc.o
 .ARM.attributes
                0x0000000000000587       0x34 ./Drivers/STM32F3xx_HAL_Driver/Src/stm32f3xx_hal_rcc_ex.o
 .ARM.attributes
                0x00000000000005bb       0x34 ./Drivers/STM32F3xx_HAL_Driver/Src/stm32f3xx_hal_spi.o
 .ARM.attributes
                0x00000000000005ef       0x34 ./Drivers/STM32F3xx_HAL_Driver/Src/stm32f3xx_hal_tim.o
 .ARM.attributes
                0x0000000000000623       0x34 ./Drivers/STM32F3xx_HAL_Driver/Src/stm32f3xx_hal_tim_ex.o
 .ARM.attributes
                0x0000000000000657       0x34 ./Drivers/STM32F3xx_HAL_Driver/Src/stm32f3xx_ll_usb.o
 .ARM.attributes
                0x000000000000068b       0x34 C:/ST/STM32CubeIDE_1.14.1/STM32CubeIDE/plugins/com.st.stm32cube.ide.mcu.externaltools.gnu-tools-for-stm32.11.3.rel1.win32_1.1.100.202309141235/tools/bin/../lib/gcc/arm-none-eabi/11.3.1/../../../../arm-none-eabi/lib/thumb/v7e-m+fp/hard\libc_nano.a(libc_a-malloc.o)
 .ARM.attributes
                0x00000000000006bf       0x34 C:/ST/STM32CubeIDE_1.14.1/STM32CubeIDE/plugins/com.st.stm32cube.ide.mcu.externaltools.gnu-tools-for-stm32.11.3.rel1.win32_1.1.100.202309141235/tools/bin/../lib/gcc/arm-none-eabi/11.3.1/../../../../arm-none-eabi/lib/thumb/v7e-m+fp/hard\libc_nano.a(libc_a-mallocr.o)
 .ARM.attributes
                0x00000000000006f3       0x34 C:/ST/STM32CubeIDE_1.14.1/STM32CubeIDE/plugins/com.st.stm32cube.ide.mcu.externaltools.gnu-tools-for-stm32.11.3.rel1.win32_1.1.100.202309141235/tools/bin/../lib/gcc/arm-none-eabi/11.3.1/../../../../arm-none-eabi/lib/thumb/v7e-m+fp/hard\libc_nano.a(libc_a-mlock.o)
 .ARM.attributes
                0x0000000000000727       0x34 C:/ST/STM32CubeIDE_1.14.1/STM32CubeIDE/plugins/com.st.stm32cube.ide.mcu.externaltools.gnu-tools-for-stm32.11.3.rel1.win32_1.1.100.202309141235/tools/bin/../lib/gcc/arm-none-eabi/11.3.1/../../../../arm-none-eabi/lib/thumb/v7e-m+fp/hard\libc_nano.a(libc_a-findfp.o)
 .ARM.attributes
                0x000000000000075b       0x34 C:/ST/STM32CubeIDE_1.14.1/STM32CubeIDE/plugins/com.st.stm32cube.ide.mcu.externaltools.gnu-tools-for-stm32.11.3.rel1.win32_1.1.100.202309141235/tools/bin/../lib/gcc/arm-none-eabi/11.3.1/../../../../arm-none-eabi/lib/thumb/v7e-m+fp/hard\libc_nano.a(libc_a-sprintf.o)
 .ARM.attributes
                0x000000000000078f       0x34 C:/ST/STM32CubeIDE_1.14.1/STM32CubeIDE/plugins/com.st.stm32cube.ide.mcu.externaltools.gnu-tools-for-stm32.11.3.rel1.win32_1.1.100.202309141235/tools/bin/../lib/gcc/arm-none-eabi/11.3.1/../../../../arm-none-eabi/lib/thumb/v7e-m+fp/hard\libc_nano.a(libc_a-memset.o)
 .ARM.attributes
                0x00000000000007c3       0x34 C:/ST/STM32CubeIDE_1.14.1/STM32CubeIDE/plugins/com.st.stm32cube.ide.mcu.externaltools.gnu-tools-for-stm32.11.3.rel1.win32_1.1.100.202309141235/tools/bin/../lib/gcc/arm-none-eabi/11.3.1/../../../../arm-none-eabi/lib/thumb/v7e-m+fp/hard\libc_nano.a(libc_a-strncmp.o)
 .ARM.attributes
                0x00000000000007f7       0x34 C:/ST/STM32CubeIDE_1.14.1/STM32CubeIDE/plugins/com.st.stm32cube.ide.mcu.externaltools.gnu-tools-for-stm32.11.3.rel1.win32_1.1.100.202309141235/tools/bin/../lib/gcc/arm-none-eabi/11.3.1/../../../../arm-none-eabi/lib/thumb/v7e-m+fp/hard\libc_nano.a(libc_a-reent.o)
 .ARM.attributes
                0x000000000000082b       0x34 C:/ST/STM32CubeIDE_1.14.1/STM32CubeIDE/plugins/com.st.stm32cube.ide.mcu.externaltools.gnu-tools-for-stm32.11.3.rel1.win32_1.1.100.202309141235/tools/bin/../lib/gcc/arm-none-eabi/11.3.1/../../../../arm-none-eabi/lib/thumb/v7e-m+fp/hard\libc_nano.a(libc_a-impure.o)
 .ARM.attributes
                0x000000000000085f       0x34 C:/ST/STM32CubeIDE_1.14.1/STM32CubeIDE/plugins/com.st.stm32cube.ide.mcu.externaltools.gnu-tools-for-stm32.11.3.rel1.win32_1.1.100.202309141235/tools/bin/../lib/gcc/arm-none-eabi/11.3.1/../../../../arm-none-eabi/lib/thumb/v7e-m+fp/hard\libc_nano.a(libc_a-sbrkr.o)
 .ARM.attributes
                0x0000000000000893       0x34 C:/ST/STM32CubeIDE_1.14.1/STM32CubeIDE/plugins/com.st.stm32cube.ide.mcu.externaltools.gnu-tools-for-stm32.11.3.rel1.win32_1.1.100.202309141235/tools/bin/../lib/gcc/arm-none-eabi/11.3.1/../../../../arm-none-eabi/lib/thumb/v7e-m+fp/hard\libc_nano.a(libc_a-errno.o)
 .ARM.attributes
                0x00000000000008c7       0x34 C:/ST/STM32CubeIDE_1.14.1/STM32CubeIDE/plugins/com.st.stm32cube.ide.mcu.externaltools.gnu-tools-for-stm32.11.3.rel1.win32_1.1.100.202309141235/tools/bin/../lib/gcc/arm-none-eabi/11.3.1/../../../../arm-none-eabi/lib/thumb/v7e-m+fp/hard\libc_nano.a(libc_a-init.o)
 .ARM.attributes
                0x00000000000008fb       0x34 C:/ST/STM32CubeIDE_1.14.1/STM32CubeIDE/plugins/com.st.stm32cube.ide.mcu.externaltools.gnu-tools-for-stm32.11.3.rel1.win32_1.1.100.202309141235/tools/bin/../lib/gcc/arm-none-eabi/11.3.1/../../../../arm-none-eabi/lib/thumb/v7e-m+fp/hard\libc_nano.a(libc_a-lock.o)
 .ARM.attributes
                0x000000000000092f       0x34 C:/ST/STM32CubeIDE_1.14.1/STM32CubeIDE/plugins/com.st.stm32cube.ide.mcu.externaltools.gnu-tools-for-stm32.11.3.rel1.win32_1.1.100.202309141235/tools/bin/../lib/gcc/arm-none-eabi/11.3.1/../../../../arm-none-eabi/lib/thumb/v7e-m+fp/hard\libc_nano.a(libc_a-freer.o)
 .ARM.attributes
                0x0000000000000963       0x34 C:/ST/STM32CubeIDE_1.14.1/STM32CubeIDE/plugins/com.st.stm32cube.ide.mcu.externaltools.gnu-tools-for-stm32.11.3.rel1.win32_1.1.100.202309141235/tools/bin/../lib/gcc/arm-none-eabi/11.3.1/../../../../arm-none-eabi/lib/thumb/v7e-m+fp/hard\libc_nano.a(libc_a-nano-svfprintf.o)
 .ARM.attributes
                0x0000000000000997       0x34 C:/ST/STM32CubeIDE_1.14.1/STM32CubeIDE/plugins/com.st.stm32cube.ide.mcu.externaltools.gnu-tools-for-stm32.11.3.rel1.win32_1.1.100.202309141235/tools/bin/../lib/gcc/arm-none-eabi/11.3.1/../../../../arm-none-eabi/lib/thumb/v7e-m+fp/hard\libc_nano.a(libc_a-nano-vfprintf_i.o)
 .ARM.attributes
                0x00000000000009cb       0x34 C:/ST/STM32CubeIDE_1.14.1/STM32CubeIDE/plugins/com.st.stm32cube.ide.mcu.externaltools.gnu-tools-for-stm32.11.3.rel1.win32_1.1.100.202309141235/tools/bin/../lib/gcc/arm-none-eabi/11.3.1/../../../../arm-none-eabi/lib/thumb/v7e-m+fp/hard\libc_nano.a(libc_a-memmove.o)
 .ARM.attributes
                0x00000000000009ff       0x1c C:/ST/STM32CubeIDE_1.14.1/STM32CubeIDE/plugins/com.st.stm32cube.ide.mcu.externaltools.gnu-tools-for-stm32.11.3.rel1.win32_1.1.100.202309141235/tools/bin/../lib/gcc/arm-none-eabi/11.3.1/../../../../arm-none-eabi/lib/thumb/v7e-m+fp/hard\libc_nano.a(libc_a-memchr.o)
 .ARM.attributes
                0x0000000000000a1b       0x34 C:/ST/STM32CubeIDE_1.14.1/STM32CubeIDE/plugins/com.st.stm32cube.ide.mcu.externaltools.gnu-tools-for-stm32.11.3.rel1.win32_1.1.100.202309141235/tools/bin/../lib/gcc/arm-none-eabi/11.3.1/../../../../arm-none-eabi/lib/thumb/v7e-m+fp/hard\libc_nano.a(libc_a-memcpy-stub.o)
 .ARM.attributes
                0x0000000000000a4f       0x34 C:/ST/STM32CubeIDE_1.14.1/STM32CubeIDE/plugins/com.st.stm32cube.ide.mcu.externaltools.gnu-tools-for-stm32.11.3.rel1.win32_1.1.100.202309141235/tools/bin/../lib/gcc/arm-none-eabi/11.3.1/../../../../arm-none-eabi/lib/thumb/v7e-m+fp/hard\libc_nano.a(libc_a-reallocr.o)
 .ARM.attributes
                0x0000000000000a83       0x34 C:/ST/STM32CubeIDE_1.14.1/STM32CubeIDE/plugins/com.st.stm32cube.ide.mcu.externaltools.gnu-tools-for-stm32.11.3.rel1.win32_1.1.100.202309141235/tools/bin/../lib/gcc/arm-none-eabi/11.3.1/../../../../arm-none-eabi/lib/thumb/v7e-m+fp/hard\libc_nano.a(libc_a-msizer.o)
 .ARM.attributes
                0x0000000000000ab7       0x34 C:/ST/STM32CubeIDE_1.14.1/STM32CubeIDE/plugins/com.st.stm32cube.ide.mcu.externaltools.gnu-tools-for-stm32.11.3.rel1.win32_1.1.100.202309141235/tools/bin/../lib/gcc/arm-none-eabi/11.3.1/../../../../arm-none-eabi/lib/thumb/v7e-m+fp/hard\libm.a(libm_a-s_sin.o)
 .ARM.attributes
                0x0000000000000aeb       0x34 C:/ST/STM32CubeIDE_1.14.1/STM32CubeIDE/plugins/com.st.stm32cube.ide.mcu.externaltools.gnu-tools-for-stm32.11.3.rel1.win32_1.1.100.202309141235/tools/bin/../lib/gcc/arm-none-eabi/11.3.1/../../../../arm-none-eabi/lib/thumb/v7e-m+fp/hard\libm.a(libm_a-k_cos.o)
 .ARM.attributes
                0x0000000000000b1f       0x34 C:/ST/STM32CubeIDE_1.14.1/STM32CubeIDE/plugins/com.st.stm32cube.ide.mcu.externaltools.gnu-tools-for-stm32.11.3.rel1.win32_1.1.100.202309141235/tools/bin/../lib/gcc/arm-none-eabi/11.3.1/../../../../arm-none-eabi/lib/thumb/v7e-m+fp/hard\libm.a(libm_a-k_sin.o)
 .ARM.attributes
                0x0000000000000b53       0x34 C:/ST/STM32CubeIDE_1.14.1/STM32CubeIDE/plugins/com.st.stm32cube.ide.mcu.externaltools.gnu-tools-for-stm32.11.3.rel1.win32_1.1.100.202309141235/tools/bin/../lib/gcc/arm-none-eabi/11.3.1/../../../../arm-none-eabi/lib/thumb/v7e-m+fp/hard\libm.a(libm_a-e_rem_pio2.o)
 .ARM.attributes
                0x0000000000000b87       0x34 C:/ST/STM32CubeIDE_1.14.1/STM32CubeIDE/plugins/com.st.stm32cube.ide.mcu.externaltools.gnu-tools-for-stm32.11.3.rel1.win32_1.1.100.202309141235/tools/bin/../lib/gcc/arm-none-eabi/11.3.1/../../../../arm-none-eabi/lib/thumb/v7e-m+fp/hard\libm.a(libm_a-s_fabs.o)
 .ARM.attributes
                0x0000000000000bbb       0x34 C:/ST/STM32CubeIDE_1.14.1/STM32CubeIDE/plugins/com.st.stm32cube.ide.mcu.externaltools.gnu-tools-for-stm32.11.3.rel1.win32_1.1.100.202309141235/tools/bin/../lib/gcc/arm-none-eabi/11.3.1/../../../../arm-none-eabi/lib/thumb/v7e-m+fp/hard\libm.a(libm_a-k_rem_pio2.o)
 .ARM.attributes
                0x0000000000000bef       0x34 C:/ST/STM32CubeIDE_1.14.1/STM32CubeIDE/plugins/com.st.stm32cube.ide.mcu.externaltools.gnu-tools-for-stm32.11.3.rel1.win32_1.1.100.202309141235/tools/bin/../lib/gcc/arm-none-eabi/11.3.1/../../../../arm-none-eabi/lib/thumb/v7e-m+fp/hard\libm.a(libm_a-s_scalbn.o)
 .ARM.attributes
                0x0000000000000c23       0x34 C:/ST/STM32CubeIDE_1.14.1/STM32CubeIDE/plugins/com.st.stm32cube.ide.mcu.externaltools.gnu-tools-for-stm32.11.3.rel1.win32_1.1.100.202309141235/tools/bin/../lib/gcc/arm-none-eabi/11.3.1/../../../../arm-none-eabi/lib/thumb/v7e-m+fp/hard\libm.a(libm_a-s_floor.o)
 .ARM.attributes
                0x0000000000000c57       0x1e C:/ST/STM32CubeIDE_1.14.1/STM32CubeIDE/plugins/com.st.stm32cube.ide.mcu.externaltools.gnu-tools-for-stm32.11.3.rel1.win32_1.1.100.202309141235/tools/bin/../lib/gcc/arm-none-eabi/11.3.1/thumb/v7e-m+fp/hard\libgcc.a(_arm_addsubdf3.o)
 .ARM.attributes
                0x0000000000000c75       0x1e C:/ST/STM32CubeIDE_1.14.1/STM32CubeIDE/plugins/com.st.stm32cube.ide.mcu.externaltools.gnu-tools-for-stm32.11.3.rel1.win32_1.1.100.202309141235/tools/bin/../lib/gcc/arm-none-eabi/11.3.1/thumb/v7e-m+fp/hard\libgcc.a(_arm_muldivdf3.o)
 .ARM.attributes
                0x0000000000000c93       0x1e C:/ST/STM32CubeIDE_1.14.1/STM32CubeIDE/plugins/com.st.stm32cube.ide.mcu.externaltools.gnu-tools-for-stm32.11.3.rel1.win32_1.1.100.202309141235/tools/bin/../lib/gcc/arm-none-eabi/11.3.1/thumb/v7e-m+fp/hard\libgcc.a(_arm_cmpdf2.o)
 .ARM.attributes
                0x0000000000000cb1       0x1e C:/ST/STM32CubeIDE_1.14.1/STM32CubeIDE/plugins/com.st.stm32cube.ide.mcu.externaltools.gnu-tools-for-stm32.11.3.rel1.win32_1.1.100.202309141235/tools/bin/../lib/gcc/arm-none-eabi/11.3.1/thumb/v7e-m+fp/hard\libgcc.a(_arm_fixdfsi.o)
 .ARM.attributes
                0x0000000000000ccf       0x1e C:/ST/STM32CubeIDE_1.14.1/STM32CubeIDE/plugins/com.st.stm32cube.ide.mcu.externaltools.gnu-tools-for-stm32.11.3.rel1.win32_1.1.100.202309141235/tools/bin/../lib/gcc/arm-none-eabi/11.3.1/thumb/v7e-m+fp/hard\libgcc.a(_arm_fixunsdfsi.o)
 .ARM.attributes
                0x0000000000000ced       0x1e C:/ST/STM32CubeIDE_1.14.1/STM32CubeIDE/plugins/com.st.stm32cube.ide.mcu.externaltools.gnu-tools-for-stm32.11.3.rel1.win32_1.1.100.202309141235/tools/bin/../lib/gcc/arm-none-eabi/11.3.1/thumb/v7e-m+fp/hard/crtn.o
OUTPUT(sweeper.elf elf32-littlearm)
LOAD linker stubs
LOAD C:/ST/STM32CubeIDE_1.14.1/STM32CubeIDE/plugins/com.st.stm32cube.ide.mcu.externaltools.gnu-tools-for-stm32.11.3.rel1.win32_1.1.100.202309141235/tools/bin/../lib/gcc/arm-none-eabi/11.3.1/../../../../arm-none-eabi/lib/thumb/v7e-m+fp/hard\libc.a
LOAD C:/ST/STM32CubeIDE_1.14.1/STM32CubeIDE/plugins/com.st.stm32cube.ide.mcu.externaltools.gnu-tools-for-stm32.11.3.rel1.win32_1.1.100.202309141235/tools/bin/../lib/gcc/arm-none-eabi/11.3.1/../../../../arm-none-eabi/lib/thumb/v7e-m+fp/hard\libm.a
LOAD C:/ST/STM32CubeIDE_1.14.1/STM32CubeIDE/plugins/com.st.stm32cube.ide.mcu.externaltools.gnu-tools-for-stm32.11.3.rel1.win32_1.1.100.202309141235/tools/bin/../lib/gcc/arm-none-eabi/11.3.1/thumb/v7e-m+fp/hard\libgcc.a

.comment        0x0000000000000000       0x43
 .comment       0x0000000000000000       0x43 C:/ST/STM32CubeIDE_1.14.1/STM32CubeIDE/plugins/com.st.stm32cube.ide.mcu.externaltools.gnu-tools-for-stm32.11.3.rel1.win32_1.1.100.202309141235/tools/bin/../lib/gcc/arm-none-eabi/11.3.1/thumb/v7e-m+fp/hard/crtbegin.o
                                         0x44 (size before relaxing)
 .comment       0x0000000000000043       0x44 ./Core/Src/LaptopInterface.o
 .comment       0x0000000000000043       0x44 ./Core/Src/buttonhandler.o
 .comment       0x0000000000000043       0x44 ./Core/Src/buzzer.o
 .comment       0x0000000000000043       0x44 ./Core/Src/lidar_sweep.o
 .comment       0x0000000000000043       0x44 ./Core/Src/main.o
 .comment       0x0000000000000043       0x44 ./Core/Src/pot.o
 .comment       0x0000000000000043       0x44 ./Core/Src/ptu_i2c.o
 .comment       0x0000000000000043       0x44 ./Core/Src/serial.o
 .comment       0x0000000000000043       0x44 ./Core/Src/stm32f3xx_hal_msp.o
 .comment       0x0000000000000043       0x44 ./Core/Src/stm32f3xx_it.o
 .comment       0x0000000000000043       0x44 ./Core/Src/sweep_flag.o
 .comment       0x0000000000000043       0x44 ./Core/Src/sysmem.o
 .comment       0x0000000000000043       0x44 ./Core/Src/system_stm32f3xx.o
 .comment       0x0000000000000043       0x44 ./Core/Src/timer.o
 .comment       0x0000000000000043       0x44 ./Drivers/STM32F3xx_HAL_Driver/Src/stm32f3xx_hal.o
 .comment       0x0000000000000043       0x44 ./Drivers/STM32F3xx_HAL_Driver/Src/stm32f3xx_hal_adc_ex.o
 .comment       0x0000000000000043       0x44 ./Drivers/STM32F3xx_HAL_Driver/Src/stm32f3xx_hal_cortex.o
 .comment       0x0000000000000043       0x44 ./Drivers/STM32F3xx_HAL_Driver/Src/stm32f3xx_hal_dac.o
 .comment       0x0000000000000043       0x44 ./Drivers/STM32F3xx_HAL_Driver/Src/stm32f3xx_hal_dac_ex.o
 .comment       0x0000000000000043       0x44 ./Drivers/STM32F3xx_HAL_Driver/Src/stm32f3xx_hal_dma.o
 .comment       0x0000000000000043       0x44 ./Drivers/STM32F3xx_HAL_Driver/Src/stm32f3xx_hal_gpio.o
 .comment       0x0000000000000043       0x44 ./Drivers/STM32F3xx_HAL_Driver/Src/stm32f3xx_hal_i2c.o
 .comment       0x0000000000000043       0x44 ./Drivers/STM32F3xx_HAL_Driver/Src/stm32f3xx_hal_i2c_ex.o
 .comment       0x0000000000000043       0x44 ./Drivers/STM32F3xx_HAL_Driver/Src/stm32f3xx_hal_pcd.o
 .comment       0x0000000000000043       0x44 ./Drivers/STM32F3xx_HAL_Driver/Src/stm32f3xx_hal_rcc.o
 .comment       0x0000000000000043       0x44 ./Drivers/STM32F3xx_HAL_Driver/Src/stm32f3xx_hal_rcc_ex.o
 .comment       0x0000000000000043       0x44 ./Drivers/STM32F3xx_HAL_Driver/Src/stm32f3xx_hal_spi.o
 .comment       0x0000000000000043       0x44 ./Drivers/STM32F3xx_HAL_Driver/Src/stm32f3xx_hal_tim.o