15:38:55 **** Incremental Build of configuration Debug for project POT_V3 ****
make -j7 all 
arm-none-eabi-gcc "../Core/Src/pot.c" -mcpu=cortex-m4 -std=gnu11 -g3 -DDEBUG -DUSE_HAL_DRIVER -DSTM32F303xC -c -I../Core/Inc -I../Drivers/STM32F3xx_HAL_Driver/Inc -I../Drivers/STM32F3xx_HAL_Driver/Inc/Legacy -I../Drivers/CMSIS/Device/ST/STM32F3xx/Include -I../Drivers/CMSIS/Include -O0 -ffunction-sections -fdata-sections -Wall -fstack-usage -fcyclomatic-complexity -MMD -MP -MF"Core/Src/pot.d" -MT"Core/Src/pot.o" --specs=nano.specs -mfpu=fpv4-sp-d16 -mfloat-abi=hard -mthumb -o "Core/Src/pot.o"
arm-none-eabi-gcc -o "POT_V3.elf" @"objects.list"   -mcpu=cortex-m4 -T"/Users/krish/Downloads/2700MajorProject/POT_V3/STM32F303VCTX_FLASH.ld" --specs=nosys.specs -Wl,-Map="POT_V3.map" -Wl,--gc-sections -static --specs=nano.specs -mfpu=fpv4-sp-d16 -mfloat-abi=hard -mthumb -Wl,--start-group -lc -lm -Wl,--end-group
Finished building target: POT_V3.elf
 
arm-none-eabi-size  POT_V3.elf 
arm-none-eabi-objdump -h -S POT_V3.elf  > "POT_V3.list"
   text	   data	    bss	    dec	    hex	filename
  16052	     12	   2588	  18652	   48dc	POT_V3.elf
Finished building: default.size.stdout
 
Finished building: POT_V3.list
 

15:38:56 Build Finished. 0 errors, 0 warnings. (took 969ms)

